Component: ARM Compiler 5.06 update 6 (build 750) Tool: armlink [4d35ed]

==============================================================================

Section Cross References

    startup_stm32f10x_hd.o(RESET) refers to startup_stm32f10x_hd.o(STACK) for __initial_sp
    startup_stm32f10x_hd.o(RESET) refers to startup_stm32f10x_hd.o(.text) for Reset_Handler
    startup_stm32f10x_hd.o(RESET) refers to stm32f10x_it.o(.text) for NMI_Handler
    startup_stm32f10x_hd.o(RESET) refers to timer.o(.text) for TIM3_IRQHandler
    startup_stm32f10x_hd.o(RESET) refers to usart1.o(.text) for USART1_IRQHandler
    startup_stm32f10x_hd.o(RESET) refers to lcd.o(.text) for USART3_IRQHandler
    startup_stm32f10x_hd.o(.text) refers to system_stm32f10x.o(.text) for SystemInit
    startup_stm32f10x_hd.o(.text) refers to entry.o(.ARM.Collect$$$$00000000) for __main
    main.o(.text) refers to system_stm32f10x.o(.text) for SystemInit
    main.o(.text) refers to misc.o(.text) for NVIC_PriorityGroupConfig
    main.o(.text) refers to delay.o(.text) for delay_init
    main.o(.text) refers to usart1.o(.text) for USART1_Config
    main.o(.text) refers to led.o(.text) for LED_Init
    main.o(.text) refers to timer.o(.text) for Timerx_Init
    main.o(.text) refers to usart3.o(.text) for usart3_init
    main.o(.text) refers to flash_sect.o(.text) for GetWaveType
    main.o(.text) refers to printfa.o(i.__0printf) for __2printf
    main.o(.text) refers to global.o(.bss) for g_allWaveType
    main.o(.text) refers to global.o(.data) for g_nDEBUG_LEVEL
    main.o(.text) refers to main.o(.constdata) for __FUNCTION__
    usart1.o(.text) refers to stm32f10x_usart.o(.text) for USART_SendData
    usart1.o(.text) refers to misc.o(.text) for NVIC_PriorityGroupConfig
    usart1.o(.text) refers to stm32f10x_rcc.o(.text) for RCC_APB2PeriphClockCmd
    usart1.o(.text) refers to stm32f10x_gpio.o(.text) for GPIO_Init
    usart1.o(.text) refers to printfa.o(i.__0printf) for __2printf
    usart1.o(.text) refers to usart1.o(.data) for pc_flag
    spi_flash.o(.text) refers to stm32f10x_rcc.o(.text) for RCC_APB2PeriphClockCmd
    spi_flash.o(.text) refers to stm32f10x_gpio.o(.text) for GPIO_Init
    spi_flash.o(.text) refers to stm32f10x_spi.o(.text) for SPI_Init
    led.o(.text) refers to stm32f10x_rcc.o(.text) for RCC_APB2PeriphClockCmd
    led.o(.text) refers to stm32f10x_gpio.o(.text) for GPIO_Init
    timer.o(.text) refers to stm32f10x_rcc.o(.text) for RCC_APB1PeriphClockCmd
    timer.o(.text) refers to stm32f10x_tim.o(.text) for TIM_TimeBaseInit
    timer.o(.text) refers to misc.o(.text) for NVIC_Init
    timer.o(.text) refers to stm32f10x_gpio.o(.text) for GPIO_SetBits
    timer.o(.text) refers to timer.o(.data) for counter
    lcd.o(.text) refers to usart3.o(.text) for uart3_send_byte
    lcd.o(.text) refers to strlen.o(.text) for strlen
    lcd.o(.text) refers to stm32f10x_usart.o(.text) for USART_ReceiveData
    lcd.o(.text) refers to printfa.o(i.__0printf) for __2printf
    lcd.o(.text) refers to usart1.o(.text) for PC_receive
    lcd.o(.text) refers to lcd.o(.data) for receive_step
    lcd.o(.text) refers to lcd.o(.bss) for lcd_buf
    usart3.o(.text) refers to stm32f10x_rcc.o(.text) for RCC_APB2PeriphClockCmd
    usart3.o(.text) refers to stm32f10x_usart.o(.text) for USART_DeInit
    usart3.o(.text) refers to stm32f10x_gpio.o(.text) for GPIO_Init
    usart3.o(.text) refers to misc.o(.text) for NVIC_Init
    usart3.o(.text) refers to printfa.o(i.__0vsprintf) for vsprintf
    usart3.o(.text) refers to strlen.o(.text) for strlen
    usart3.o(.text) refers to usart3.o(.bss) for USART3_TX_BUF
    delay.o(.text) refers to misc.o(.text) for SysTick_CLKSourceConfig
    delay.o(.text) refers to delay.o(.data) for fac_us
    flash_sect.o(.text) refers to memcpya.o(.text) for __aeabi_memcpy4
    flash_sect.o(.text) refers to printfa.o(i.__0printf) for __2printf
    flash_sect.o(.text) refers to spi_flash.o(.text) for SPI_FLASH_Init
    flash_sect.o(.text) refers to main.o(.text) for Delay
    flash_sect.o(.text) refers to memcmp.o(.text) for memcmp
    flash_sect.o(.text) refers to flash_sect.o(.conststring) for .conststring
    flash_sect.o(.text) refers to global.o(.bss) for g_allWaveType
    flash_sect.o(.text) refers to global.o(.data) for g_nDEBUG_LEVEL
    flash_sect.o(.text) refers to flash_sect.o(.constdata) for __FUNCTION__
    global.o(.text) refers to printfa.o(i.__0vsnprintf) for vsnprintf
    global.o(.text) refers to printfa.o(i.__0printf) for __2printf
    stm32f10x_rcc.o(.text) refers to stm32f10x_rcc.o(.data) for APBAHBPrescTable
    stm32f10x_gpio.o(.text) refers to stm32f10x_rcc.o(.text) for RCC_APB2PeriphResetCmd
    stm32f10x_usart.o(.text) refers to stm32f10x_rcc.o(.text) for RCC_APB2PeriphResetCmd
    stm32f10x_spi.o(.text) refers to stm32f10x_rcc.o(.text) for RCC_APB2PeriphResetCmd
    stm32f10x_adc.o(.text) refers to stm32f10x_rcc.o(.text) for RCC_APB2PeriphResetCmd
[...]
    printfb.o(i.__0fprintf$bare) refers to usart1.o(.text) for fputc
    printfb.o(i.__0printf$bare) refers to printfb.o(i._printf_core) for _printf_core
    printfb.o(i.__0printf$bare) refers to usart1.o(.text) for fputc
    printfb.o(i.__0printf$bare) refers to stdout.o(.data) for __stdout
    printfb.o(i.__0snprintf$bare) refers to printfb.o(i._printf_core) for _printf_core
    printfb.o(i.__0snprintf$bare) refers to printfb.o(i._snputc) for _snputc
    printfb.o(i.__0sprintf$bare) refers to printfb.o(i._printf_core) for _printf_core
    printfb.o(i.__0sprintf$bare) refers to printfb.o(i._sputc) for _sputc
    printfb.o(i.__0vfprintf$bare) refers to printfb.o(i._printf_core) for _printf_core
    printfb.o(i.__0vfprintf$bare) refers to usart1.o(.text) for fputc
    printfb.o(i.__0vprintf$bare) refers to printfb.o(i._printf_core) for _printf_core
    printfb.o(i.__0vprintf$bare) refers to usart1.o(.text) for fputc
    printfb.o(i.__0vprintf$bare) refers to stdout.o(.data) for __stdout
    printfb.o(i.__0vsnprintf$bare) refers to printfb.o(i._printf_core) for _printf_core
    printfb.o(i.__0vsnprintf$bare) refers to printfb.o(i._snputc) for _snputc
    printfb.o(i.__0vsprintf$bare) refers to printfb.o(i._printf_core) for _printf_core
    printfb.o(i.__0vsprintf$bare) refers to printfb.o(i._sputc) for _sputc
    printf0.o(i.__0fprintf$0) refers to printf0.o(i._printf_core) for _printf_core
    printf0.o(i.__0fprintf$0) refers to usart1.o(.text) for fputc
    printf0.o(i.__0printf$0) refers to printf0.o(i._printf_core) for _printf_core
    printf0.o(i.__0printf$0) refers to usart1.o(.text) for fputc
    printf0.o(i.__0printf$0) refers to stdout.o(.data) for __stdout
    printf0.o(i.__0snprintf$0) refers to printf0.o(i._printf_core) for _printf_core
    printf0.o(i.__0snprintf$0) refers to printf0.o(i._snputc) for _snputc
    printf0.o(i.__0sprintf$0) refers to printf0.o(i._printf_core) for _printf_core
    printf0.o(i.__0sprintf$0) refers to printf0.o(i._sputc) for _sputc
    printf0.o(i.__0vfprintf$0) refers to printf0.o(i._printf_core) for _printf_core
    printf0.o(i.__0vfprintf$0) refers to usart1.o(.text) for fputc
    printf0.o(i.__0vprintf$0) refers to printf0.o(i._printf_core) for _printf_core
    printf0.o(i.__0vprintf$0) refers to usart1.o(.text) for fputc
    printf0.o(i.__0vprintf$0) refers to stdout.o(.data) for __stdout
    printf0.o(i.__0vsnprintf$0) refers to printf0.o(i._printf_core) for _printf_core
    printf0.o(i.__0vsnprintf$0) refers to printf0.o(i._snputc) for _snputc
    printf0.o(i.__0vsprintf$0) refers to printf0.o(i._printf_core) for _printf_core
    printf0.o(i.__0vsprintf$0) refers to printf0.o(i._sputc) for _sputc
    printf1.o(i.__0fprintf$1) refers to printf1.o(i._printf_core) for _printf_core
    printf1.o(i.__0fprintf$1) refers to usart1.o(.text) for fputc
    printf1.o(i.__0printf$1) refers to printf1.o(i._printf_core) for _printf_core
    printf1.o(i.__0printf$1) refers to usart1.o(.text) for fputc
    printf1.o(i.__0printf$1) refers to stdout.o(.data) for __stdout
    printf1.o(i.__0snprintf$1) refers to printf1.o(i._printf_core) for _printf_core
    printf1.o(i.__0snprintf$1) refers to printf1.o(i._snputc) for _snputc
    printf1.o(i.__0sprintf$1) refers to printf1.o(i._printf_core) for _printf_core
    printf1.o(i.__0sprintf$1) refers to printf1.o(i._sputc) for _sputc
    printf1.o(i.__0vfprintf$1) refers to printf1.o(i._printf_core) for _printf_core
    printf1.o(i.__0vfprintf$1) refers to usart1.o(.text) for fputc
    printf1.o(i.__0vprintf$1) refers to printf1.o(i._printf_core) for _printf_core
    printf1.o(i.__0vprintf$1) refers to usart1.o(.text) for fputc
    printf1.o(i.__0vprintf$1) refers to stdout.o(.data) for __stdout
    printf1.o(i.__0vsnprintf$1) refers to printf1.o(i._printf_core) for _printf_core
    printf1.o(i.__0vsnprintf$1) refers to printf1.o(i._snputc) for _snputc
    printf1.o(i.__0vsprintf$1) refers to printf1.o(i._printf_core) for _printf_core
    printf1.o(i.__0vsprintf$1) refers to printf1.o(i._sputc) for _sputc
    printf1.o(i._printf_core) refers to uidiv.o(.text) for __aeabi_uidivmod
    printf2.o(i.__0fprintf$2) refers to printf2.o(i._printf_core) for _printf_core
    printf2.o(i.__0fprintf$2) refers to usart1.o(.text) for fputc
    printf2.o(i.__0printf$2) refers to printf2.o(i._printf_core) for _printf_core
    printf2.o(i.__0printf$2) refers to usart1.o(.text) for fputc
    printf2.o(i.__0printf$2) refers to stdout.o(.data) for __stdout
    printf2.o(i.__0snprintf$2) refers to printf2.o(i._printf_core) for _printf_core
    printf2.o(i.__0snprintf$2) refers to printf2.o(i._snputc) for _snputc
    printf2.o(i.__0sprintf$2) refers to printf2.o(i._printf_core) for _printf_core
    printf2.o(i.__0sprintf$2) refers to printf2.o(i._sputc) for _sputc
    printf2.o(i.__0vfprintf$2) refers to printf2.o(i._printf_core) for _printf_core
    printf2.o(i.__0vfprintf$2) refers to usart1.o(.text) for fputc
    printf2.o(i.__0vprintf$2) refers to printf2.o(i._printf_core) for _printf_core
    printf2.o(i.__0vprintf$2) refers to usart1.o(.text) for fputc
    printf2.o(i.__0vprintf$2) refers to stdout.o(.data) for __stdout
    printf2.o(i.__0vsnprintf$2) refers to printf2.o(i._printf_core) for _printf_core
    printf2.o(i.__0vsnprintf$2) refers to printf2.o(i._snputc) for _snputc
    printf2.o(i.__0vsprintf$2) refers to printf2.o(i._printf_core) for _printf_core
    printf2.o(i.__0vsprintf$2) refers to printf2.o(i._sputc) for _sputc
    printf3.o(i.__0fprintf$3) refers to printf3.o(i._printf_core) for _printf_core
    printf3.o(i.__0fprintf$3) refers to usart1.o(.text) for fputc
    printf3.o(i.__0printf$3) refers to printf3.o(i._printf_core) for _printf_core
    printf3.o(i.__0printf$3) refers to usart1.o(.text) for fputc
    printf3.o(i.__0printf$3) refers to stdout.o(.data) for __stdout
    printf3.o(i.__0snprintf$3) refers to printf3.o(i._printf_core) for _printf_core
    printf3.o(i.__0snprintf$3) refers to printf3.o(i._snputc) for _snputc
    printf3.o(i.__0sprintf$3) refers to printf3.o(i._printf_core) for _printf_core
    printf3.o(i.__0sprintf$3) refers to printf3.o(i._sputc) for _sputc
    printf3.o(i.__0vfprintf$3) refers to printf3.o(i._printf_core) for _printf_core
    printf3.o(i.__0vfprintf$3) refers to usart1.o(.text) for fputc
    printf3.o(i.__0vprintf$3) refers to printf3.o(i._printf_core) for _printf_core
    printf3.o(i.__0vprintf$3) refers to usart1.o(.text) for fputc
    printf3.o(i.__0vprintf$3) refers to stdout.o(.data) for __stdout
    printf3.o(i.__0vsnprintf$3) refers to printf3.o(i._printf_core) for _printf_core
    printf3.o(i.__0vsnprintf$3) refers to printf3.o(i._snputc) for _snputc
    printf3.o(i.__0vsprintf$3) refers to printf3.o(i._printf_core) for _printf_core
    printf3.o(i.__0vsprintf$3) refers to printf3.o(i._sputc) for _sputc
    printf3.o(i._printf_core) refers to uidiv.o(.text) for __aeabi_uidivmod
    printf4.o(i.__0fprintf$4) refers to printf4.o(i._printf_core) for _printf_core
    printf4.o(i.__0fprintf$4) refers to usart1.o(.text) for fputc
    printf4.o(i.__0printf$4) refers to printf4.o(i._printf_core) for _printf_core
    printf4.o(i.__0printf$4) refers to usart1.o(.text) for fputc
    printf4.o(i.__0printf$4) refers to stdout.o(.data) for __stdout
    printf4.o(i.__0snprintf$4) refers to printf4.o(i._printf_core) for _printf_core
    printf4.o(i.__0snprintf$4) refers to printf4.o(i._snputc) for _snputc
    printf4.o(i.__0sprintf$4) refers to printf4.o(i._printf_core) for _printf_core
    printf4.o(i.__0sprintf$4) refers to printf4.o(i._sputc) for _sputc
    printf4.o(i.__0vfprintf$4) refers to printf4.o(i._printf_core) for _printf_core
    printf4.o(i.__0vfprintf$4) refers to usart1.o(.text) for fputc
    printf4.o(i.__0vprintf$4) refers to printf4.o(i._printf_core) for _printf_core
    printf4.o(i.__0vprintf$4) refers to usart1.o(.text) for fputc
    printf4.o(i.__0vprintf$4) refers to stdout.o(.data) for __stdout
    printf4.o(i.__0vsnprintf$4) refers to printf4.o(i._printf_core) for _printf_core
    printf4.o(i.__0vsnprintf$4) refers to printf4.o(i._snputc) for _snputc
    printf4.o(i.__0vsprintf$4) refers to printf4.o(i._printf_core) for _printf_core
    printf4.o(i.__0vsprintf$4) refers to printf4.o(i._sputc) for _sputc
    printf4.o(i._printf_core) refers to uldiv.o(.text) for __aeabi_uldivmod
    printf5.o(i.__0fprintf$5) refers to printf5.o(i._printf_core) for _printf_core
    printf5.o(i.__0fprintf$5) refers to usart1.o(.text) for fputc
    printf5.o(i.__0printf$5) refers to printf5.o(i._printf_core) for _printf_core
    printf5.o(i.__0printf$5) refers to usart1.o(.text) for fputc
    printf5.o(i.__0printf$5) refers to stdout.o(.data) for __stdout
    printf5.o(i.__0snprintf$5) refers to printf5.o(i._printf_core) for _printf_core
    printf5.o(i.__0snprintf$5) refers to printf5.o(i._snputc) for _snputc
    printf5.o(i.__0sprintf$5) refers to printf5.o(i._printf_core) for _printf_core
    printf5.o(i.__0sprintf$5) refers to printf5.o(i._sputc) for _sputc
    printf5.o(i.__0vfprintf$5) refers to printf5.o(i._printf_core) for _printf_core
    printf5.o(i.__0vfprintf$5) refers to usart1.o(.text) for fputc
    printf5.o(i.__0vprintf$5) refers to printf5.o(i._printf_core) for _printf_core
    printf5.o(i.__0vprintf$5) refers to usart1.o(.text) for fputc
    printf5.o(i.__0vprintf$5) refers to stdout.o(.data) for __stdout
    printf5.o(i.__0vsnprintf$5) refers to printf5.o(i._printf_core) for _printf_core
    printf5.o(i.__0vsnprintf$5) refers to printf5.o(i._snputc) for _snputc
    printf5.o(i.__0vsprintf$5) refers to printf5.o(i._printf_core) for _printf_core
    printf5.o(i.__0vsprintf$5) refers to printf5.o(i._sputc) for _sputc
    printf5.o(i._printf_core) refers to uldiv.o(.text) for __aeabi_uldivmod
    printf6.o(i.__0fprintf$6) refers to printf6.o(i._printf_core) for _printf_core
    printf6.o(i.__0fprintf$6) refers to usart1.o(.text) for fputc
    printf6.o(i.__0printf$6) refers to printf6.o(i._printf_core) for _printf_core
    printf6.o(i.__0printf$6) refers to usart1.o(.text) for fputc
    printf6.o(i.__0printf$6) refers to stdout.o(.data) for __stdout
    printf6.o(i.__0snprintf$6) refers to printf6.o(i._printf_core) for _printf_core
    printf6.o(i.__0snprintf$6) refers to printf6.o(i._snputc) for _snputc
    printf6.o(i.__0sprintf$6) refers to printf6.o(i._printf_core) for _printf_core
    printf6.o(i.__0sprintf$6) refers to printf6.o(i._sputc) for _sputc
    printf6.o(i.__0vfprintf$6) refers to printf6.o(i._printf_core) for _printf_core
    printf6.o(i.__0vfprintf$6) refers to usart1.o(.text) for fputc
    printf6.o(i.__0vprintf$6) refers to printf6.o(i._printf_core) for _printf_core
    printf6.o(i.__0vprintf$6) refers to usart1.o(.text) for fputc
    printf6.o(i.__0vprintf$6) refers to stdout.o(.data) for __stdout
    printf6.o(i.__0vsnprintf$6) refers to printf6.o(i._printf_core) for _printf_core
    printf6.o(i.__0vsnprintf$6) refers to printf6.o(i._snputc) for _snputc
    printf6.o(i.__0vsprintf$6) refers to printf6.o(i._printf_core) for _printf_core
    printf6.o(i.__0vsprintf$6) refers to printf6.o(i._sputc) for _sputc
    printf6.o(i._printf_core) refers to printf6.o(i._printf_pre_padding) for _printf_pre_padding
    printf6.o(i._printf_core) refers to uidiv.o(.text) for __aeabi_uidivmod
    printf6.o(i._printf_core) refers to printf6.o(i._printf_post_padding) for _printf_post_padding
    printf7.o(i.__0fprintf$7) refers to printf7.o(i._printf_core) for _printf_core
    printf7.o(i.__0fprintf$7) refers to usart1.o(.text) for fputc
    printf7.o(i.__0printf$7) refers to printf7.o(i._printf_core) for _printf_core
    printf7.o(i.__0printf$7) refers to usart1.o(.text) for fputc
    printf7.o(i.__0printf$7) refers to stdout.o(.data) for __stdout
    printf7.o(i.__0snprintf$7) refers to printf7.o(i._printf_core) for _printf_core
    printf7.o(i.__0snprintf$7) refers to printf7.o(i._snputc) for _snputc
    printf7.o(i.__0sprintf$7) refers to printf7.o(i._printf_core) for _printf_core
    printf7.o(i.__0sprintf$7) refers to printf7.o(i._sputc) for _sputc
    printf7.o(i.__0vfprintf$7) refers to printf7.o(i._printf_core) for _printf_core
    printf7.o(i.__0vfprintf$7) refers to usart1.o(.text) for fputc
    printf7.o(i.__0vprintf$7) refers to printf7.o(i._printf_core) for _printf_core
    printf7.o(i.__0vprintf$7) refers to usart1.o(.text) for fputc
    printf7.o(i.__0vprintf$7) refers to stdout.o(.data) for __stdout
    printf7.o(i.__0vsnprintf$7) refers to printf7.o(i._printf_core) for _printf_core
    printf7.o(i.__0vsnprintf$7) refers to printf7.o(i._snputc) for _snputc
    printf7.o(i.__0vsprintf$7) refers to printf7.o(i._printf_core) for _printf_core
    printf7.o(i.__0vsprintf$7) refers to printf7.o(i._sputc) for _sputc
    printf7.o(i._printf_core) refers to printf7.o(i._printf_pre_padding) for _printf_pre_padding
    printf7.o(i._printf_core) refers to uldiv.o(.text) for __aeabi_uldivmod
    printf7.o(i._printf_core) refers to printf7.o(i._printf_post_padding) for _printf_post_padding
    printf8.o(i.__0fprintf$8) refers to printf8.o(i._printf_core) for _printf_core
    printf8.o(i.__0fprintf$8) refers to usart1.o(.text) for fputc
    printf8.o(i.__0printf$8) refers to printf8.o(i._printf_core) for _printf_core
    printf8.o(i.__0printf$8) refers to usart1.o(.text) for fputc
    printf8.o(i.__0printf$8) refers to stdout.o(.data) for __stdout
    printf8.o(i.__0snprintf$8) refers to printf8.o(i._printf_core) for _printf_core
    printf8.o(i.__0snprintf$8) refers to printf8.o(i._snputc) for _snputc
    printf8.o(i.__0sprintf$8) refers to printf8.o(i._printf_core) for _printf_core
    printf8.o(i.__0sprintf$8) refers to printf8.o(i._sputc) for _sputc
    printf8.o(i.__0vfprintf$8) refers to printf8.o(i._printf_core) for _printf_core
    printf8.o(i.__0vfprintf$8) refers to usart1.o(.text) for fputc
    printf8.o(i.__0vprintf$8) refers to printf8.o(i._printf_core) for _printf_core
    printf8.o(i.__0vprintf$8) refers to usart1.o(.text) for fputc
    printf8.o(i.__0vprintf$8) refers to stdout.o(.data) for __stdout
    printf8.o(i.__0vsnprintf$8) refers to printf8.o(i._printf_core) for _printf_core
    printf8.o(i.__0vsnprintf$8) refers to printf8.o(i._snputc) for _snputc
    printf8.o(i.__0vsprintf$8) refers to printf8.o(i._printf_core) for _printf_core
    printf8.o(i.__0vsprintf$8) refers to printf8.o(i._sputc) for _sputc
    printf8.o(i._printf_core) refers to printf8.o(i._printf_pre_padding) for _printf_pre_padding
    printf8.o(i._printf_core) refers to uldiv.o(.text) for __aeabi_uldivmod
    printf8.o(i._printf_core) refers to printf8.o(i._printf_post_padding) for _printf_post_padding
    printfa.o(i.__0fprintf) refers (Special) to iusefp.o(.text) for __I$use$fp
    printfa.o(i.__0fprintf) refers to printfa.o(i._printf_core) for _printf_core
    printfa.o(i.__0fprintf) refers to usart1.o(.text) for fputc
    printfa.o(i.__0printf) refers (Special) to iusefp.o(.text) for __I$use$fp
    printfa.o(i.__0printf) refers to printfa.o(i._printf_core) for _printf_core
    printfa.o(i.__0printf) refers to usart1.o(.text) for fputc
    printfa.o(i.__0printf) refers to stdout.o(.data) for __stdout
    printfa.o(i.__0snprintf) refers (Special) to iusefp.o(.text) for __I$use$fp
    printfa.o(i.__0snprintf) refers to printfa.o(i._printf_core) for _printf_core
    printfa.o(i.__0snprintf) refers to printfa.o(i._snputc) for _snputc
    printfa.o(i.__0sprintf) refers (Special) to iusefp.o(.text) for __I$use$fp
    printfa.o(i.__0sprintf) refers to printfa.o(i._printf_core) for _printf_core
    printfa.o(i.__0sprintf) refers to printfa.o(i._sputc) for _sputc
    printfa.o(i.__0vfprintf) refers (Special) to iusefp.o(.text) for __I$use$fp
    printfa.o(i.__0vfprintf) refers to printfa.o(i._printf_core) for _printf_core
    printfa.o(i.__0vfprintf) refers to usart1.o(.text) for fputc
    printfa.o(i.__0vprintf) refers (Special) to iusefp.o(.text) for __I$use$fp
    printfa.o(i.__0vprintf) refers to printfa.o(i._printf_core) for _printf_core
    printfa.o(i.__0vprintf) refers to usart1.o(.text) for fputc
    printfa.o(i.__0vprintf) refers to stdout.o(.data) for __stdout
    printfa.o(i.__0vsnprintf) refers (Special) to iusefp.o(.text) for __I$use$fp
    printfa.o(i.__0vsnprintf) refers to printfa.o(i._printf_core) for _printf_core
    printfa.o(i.__0vsnprintf) refers to printfa.o(i._snputc) for _snputc
    printfa.o(i.__0vsprintf) refers (Special) to iusefp.o(.text) for __I$use$fp
    printfa.o(i.__0vsprintf) refers to printfa.o(i._printf_core) for _printf_core
    printfa.o(i.__0vsprintf) refers to printfa.o(i._sputc) for _sputc
    printfa.o(i._fp_digits) refers (Special) to iusefp.o(.text) for __I$use$fp
    printfa.o(i._fp_digits) refers to dmul.o(.text) for __aeabi_dmul
    printfa.o(i._fp_digits) refers to ddiv.o(.text) for __aeabi_ddiv
    printfa.o(i._fp_digits) refers to cdrcmple.o(.text) for __aeabi_cdrcmple
    printfa.o(i._fp_digits) refers to dadd.o(.text) for __aeabi_dadd
    printfa.o(i._fp_digits) refers to dfixul.o(.text) for __aeabi_d2ulz
    printfa.o(i._fp_digits) refers to uldiv.o(.text) for __aeabi_uldivmod
    printfa.o(i._printf_core) refers (Special) to iusefp.o(.text) for __I$use$fp
    printfa.o(i._printf_core) refers to printfa.o(i._printf_pre_padding) for _printf_pre_padding
    printfa.o(i._printf_core) refers to uldiv.o(.text) for __aeabi_uldivmod
    printfa.o(i._printf_core) refers to printfa.o(i._printf_post_padding) for _printf_post_padding
    printfa.o(i._printf_core) refers to printfa.o(i._fp_digits) for _fp_digits
    printfa.o(i._printf_core) refers to uidiv.o(.text) for __aeabi_uidivmod
    printfa.o(i._printf_post_padding) refers (Special) to iusefp.o(.text) for __I$use$fp
    printfa.o(i._printf_pre_padding) refers (Special) to iusefp.o(.text) for __I$use$fp
    printfa.o(i._snputc) refers (Special) to iusefp.o(.text) for __I$use$fp
    printfa.o(i._sputc) refers (Special) to iusefp.o(.text) for __I$use$fp
    entry2.o(.ARM.Collect$$$$00000001) refers to entry2.o(.ARM.Collect$$$$00002712) for __lit__00000000
    entry2.o(.ARM.Collect$$$$00002712) refers to startup_stm32f10x_hd.o(STACK) for __initial_sp
    entry2.o(__vectab_stack_and_reset_area) refers to startup_stm32f10x_hd.o(STACK) for __initial_sp
    entry2.o(__vectab_stack_and_reset_area) refers to entry.o(.ARM.Collect$$$$00000000) for __main
    entry5.o(.ARM.Collect$$$$00000004) refers to init.o(.text) for __scatterload
    entry9a.o(.ARM.Collect$$$$0000000B) refers to main.o(.text) for main
    entry9b.o(.ARM.Collect$$$$0000000C) refers to main.o(.text) for main
    uldiv.o(.text) refers to llushr.o(.text) for __aeabi_llsr
    uldiv.o(.text) refers to llshl.o(.text) for __aeabi_llsl
    dadd.o(.text) refers to llshl.o(.text) for __aeabi_llsl
    dadd.o(.text) refers to llsshr.o(.text) for __aeabi_lasr
    dadd.o(.text) refers to depilogue.o(.text) for _double_epilogue
    dmul.o(.text) refers to depilogue.o(.text) for _double_epilogue
    ddiv.o(.text) refers to depilogue.o(.text) for _double_round
    dfixul.o(.text) refers to llushr.o(.text) for __aeabi_llsr
    dfixul.o(.text) refers to llshl.o(.text) for __aeabi_llsl
    init.o(.text) refers to entry5.o(.ARM.Collect$$$$00000004) for __main_after_scatterload
    depilogue.o(.text) refers to llshl.o(.text) for __aeabi_llsl
    depilogue.o(.text) refers to llushr.o(.text) for __aeabi_llsr


==============================================================================

Removing Unused input sections from the image.

    Removing startup_stm32f10x_hd.o(HEAP), (512 bytes).
    Removing usart1.o(.bss), (4096 bytes).
    Removing usart1.o(.constdata), (11 bytes).
    Removing usart3.o(.data), (2 bytes).
    Removing global.o(.text), (60 bytes).
    Removing stm32f10x_adc.o(.text), (1102 bytes).
    Removing stm32f10x_bkp.o(.text), (196 bytes).
    Removing stm32f10x_can.o(.text), (2544 bytes).
    Removing stm32f10x_cec.o(.text), (288 bytes).
    Removing stm32f10x_crc.o(.text), (72 bytes).
    Removing stm32f10x_dac.o(.text), (396 bytes).
    Removing stm32f10x_dbgmcu.o(.text), (48 bytes).
    Removing stm32f10x_dma.o(.text), (596 bytes).
    Removing stm32f10x_exti.o(.text), (284 bytes).
    Removing stm32f10x_flash.o(.text), (1468 bytes).
    Removing stm32f10x_fsmc.o(.text), (1548 bytes).
    Removing stm32f10x_i2c.o(.text), (1028 bytes).
    Removing stm32f10x_iwdg.o(.text), (64 bytes).
    Removing stm32f10x_pwr.o(.text), (204 bytes).
    Removing stm32f10x_rtc.o(.text), (328 bytes).
    Removing stm32f10x_sdio.o(.text), (468 bytes).
    Removing stm32f10x_wwdg.o(.text), (136 bytes).
    Removing core_cm3.o(.emb_text), (32 bytes).

23 unused section(s) (total 15483 bytes) removed from the image.

==============================================================================

Image Symbol Table

    Local Symbols

    Symbol Name                              Value     Ov Type        Size  Object(Section)

    ../clib/microlib/division.c              0x00000000   Number         0  uldiv.o ABSOLUTE
    ../clib/microlib/division.c              0x00000000   Number         0  uidiv.o ABSOLUTE
    ../clib/microlib/init/entry.s            0x00000000   Number         0  entry5.o ABSOLUTE
    ../clib/microlib/init/entry.s            0x00000000   Number         0  entry11b.o ABSOLUTE
    ../clib/microlib/init/entry.s            0x00000000   Number         0  entry11a.o ABSOLUTE
    ../clib/microlib/init/entry.s            0x00000000   Number         0  entry10b.o ABSOLUTE
    ../clib/microlib/init/entry.s            0x00000000   Number         0  entry.o ABSOLUTE
    ../clib/microlib/init/entry.s            0x00000000   Number         0  entry10a.o ABSOLUTE
    ../clib/microlib/init/entry.s            0x00000000   Number         0  entry9b.o ABSOLUTE
    ../clib/microlib/init/entry.s            0x00000000   Number         0  entry9a.o ABSOLUTE
    ../clib/microlib/init/entry.s            0x00000000   Number         0  entry8b.o ABSOLUTE
    ../clib/microlib/init/entry.s            0x00000000   Number         0  entry8a.o ABSOLUTE
    ../clib/microlib/init/entry.s            0x00000000   Number         0  entry2.o ABSOLUTE
    ../clib/microlib/init/entry.s            0x00000000   Number         0  entry7a.o ABSOLUTE
    ../clib/microlib/init/entry.s            0x00000000   Number         0  entry7b.o ABSOLUTE
    ../clib/microlib/longlong.c              0x00000000   Number         0  llshl.o ABSOLUTE
    ../clib/microlib/longlong.c              0x00000000   Number         0  llsshr.o ABSOLUTE
    ../clib/microlib/longlong.c              0x00000000   Number         0  llushr.o ABSOLUTE
    ../clib/microlib/printf/printf.c         0x00000000   Number         0  printfa.o ABSOLUTE
    ../clib/microlib/printf/printf.c         0x00000000   Number         0  printf0.o ABSOLUTE
    ../clib/microlib/printf/printf.c         0x00000000   Number         0  printf7.o ABSOLUTE
    ../clib/microlib/printf/printf.c         0x00000000   Number         0  printf3.o ABSOLUTE
    ../clib/microlib/printf/printf.c         0x00000000   Number         0  printf6.o ABSOLUTE
    ../clib/microlib/printf/printf.c         0x00000000   Number         0  printf5.o ABSOLUTE
    ../clib/microlib/printf/printf.c         0x00000000   Number         0  printf4.o ABSOLUTE
    ../clib/microlib/printf/printf.c         0x00000000   Number         0  printfb.o ABSOLUTE
    ../clib/microlib/printf/printf.c         0x00000000   Number         0  printf2.o ABSOLUTE
    ../clib/microlib/printf/printf.c         0x00000000   Number         0  printf1.o ABSOLUTE
    ../clib/microlib/printf/printf.c         0x00000000   Number         0  printf8.o ABSOLUTE
    ../clib/microlib/printf/stubs.s          0x00000000   Number         0  stubs.o ABSOLUTE
    ../clib/microlib/stdio/streams.c         0x00000000   Number         0  stdout.o ABSOLUTE
    ../clib/microlib/string/memcmp.c         0x00000000   Number         0  memcmp.o ABSOLUTE
    ../clib/microlib/string/memcpy.c         0x00000000   Number         0  memcpyb.o ABSOLUTE
    ../clib/microlib/string/memcpy.c         0x00000000   Number         0  memcpya.o ABSOLUTE
    ../clib/microlib/string/strlen.c         0x00000000   Number         0  strlen.o ABSOLUTE
    ../clib/microlib/stubs.s                 0x00000000   Number         0  iusefp.o ABSOLUTE
    ../fplib/microlib/fpadd.c                0x00000000   Number         0  dadd.o ABSOLUTE
    ../fplib/microlib/fpdiv.c                0x00000000   Number         0  ddiv.o ABSOLUTE
    ../fplib/microlib/fpepilogue.c           0x00000000   Number         0  depilogue.o ABSOLUTE
    ../fplib/microlib/fpfix.c                0x00000000   Number         0  dfixul.o ABSOLUTE
    ../fplib/microlib/fpmul.c                0x00000000   Number         0  dmul.o ABSOLUTE
    ..\CMSIS\core_cm3.c                      0x00000000   Number         0  core_cm3.o ABSOLUTE
    ..\CMSIS\startup\startup_stm32f10x_hd.s  0x00000000   Number         0  startup_stm32f10x_hd.o ABSOLUTE
    ..\CMSIS\system_stm32f10x.c              0x00000000   Number         0  system_stm32f10x.o ABSOLUTE
    ..\FWlib\src\misc.c                      0x00000000   Number         0  misc.o ABSOLUTE
    ..\FWlib\src\stm32f10x_adc.c             0x00000000   Number         0  stm32f10x_adc.o ABSOLUTE
    ..\FWlib\src\stm32f10x_bkp.c             0x00000000   Number         0  stm32f10x_bkp.o ABSOLUTE
    ..\FWlib\src\stm32f10x_can.c             0x00000000   Number         0  stm32f10x_can.o ABSOLUTE
    ..\FWlib\src\stm32f10x_cec.c             0x00000000   Number         0  stm32f10x_cec.o ABSOLUTE
    ..\FWlib\src\stm32f10x_crc.c             0x00000000   Number         0  stm32f10x_crc.o ABSOLUTE
    ..\FWlib\src\stm32f10x_dac.c             0x00000000   Number         0  stm32f10x_dac.o ABSOLUTE
    ..\FWlib\src\stm32f10x_dbgmcu.c          0x00000000   Number         0  stm32f10x_dbgmcu.o ABSOLUTE
    ..\FWlib\src\stm32f10x_dma.c             0x00000000   Number         0  stm32f10x_dma.o ABSOLUTE
    ..\FWlib\src\stm32f10x_exti.c            0x00000000   Number         0  stm32f10x_exti.o ABSOLUTE
    ..\FWlib\src\stm32f10x_flash.c           0x00000000   Number         0  stm32f10x_flash.o ABSOLUTE
    ..\FWlib\src\stm32f10x_fsmc.c            0x00000000   Number         0  stm32f10x_fsmc.o ABSOLUTE
    ..\FWlib\src\stm32f10x_gpio.c            0x00000000   Number         0  stm32f10x_gpio.o ABSOLUTE
    ..\FWlib\src\stm32f10x_i2c.c             0x00000000   Number         0  stm32f10x_i2c.o ABSOLUTE
    ..\FWlib\src\stm32f10x_iwdg.c            0x00000000   Number         0  stm32f10x_iwdg.o ABSOLUTE
    ..\FWlib\src\stm32f10x_pwr.c             0x00000000   Number         0  stm32f10x_pwr.o ABSOLUTE
    ..\FWlib\src\stm32f10x_rcc.c             0x00000000   Number         0  stm32f10x_rcc.o ABSOLUTE
    ..\FWlib\src\stm32f10x_rtc.c             0x00000000   Number         0  stm32f10x_rtc.o ABSOLUTE
    ..\FWlib\src\stm32f10x_sdio.c            0x00000000   Number         0  stm32f10x_sdio.o ABSOLUTE
    ..\FWlib\src\stm32f10x_spi.c             0x00000000   Number         0  stm32f10x_spi.o ABSOLUTE
    ..\FWlib\src\stm32f10x_tim.c             0x00000000   Number         0  stm32f10x_tim.o ABSOLUTE
    ..\FWlib\src\stm32f10x_usart.c           0x00000000   Number         0  stm32f10x_usart.o ABSOLUTE
    ..\FWlib\src\stm32f10x_wwdg.c            0x00000000   Number         0  stm32f10x_wwdg.o ABSOLUTE
    ..\\CMSIS\\core_cm3.c                    0x00000000   Number         0  core_cm3.o ABSOLUTE
    cdrcmple.s                               0x00000000   Number         0  cdrcmple.o ABSOLUTE
    dc.s                                     0x00000000   Number         0  dc.o ABSOLUTE
    delay.c                                  0x00000000   Number         0  delay.o ABSOLUTE
    flash_sect.c                             0x00000000   Number         0  flash_sect.o ABSOLUTE
    global.c                                 0x00000000   Number         0  global.o ABSOLUTE
    handlers.s                               0x00000000   Number         0  handlers.o ABSOLUTE
    init.s                                   0x00000000   Number         0  init.o ABSOLUTE
    lcd.c                                    0x00000000   Number         0  lcd.o ABSOLUTE
    led.c                                    0x00000000   Number         0  led.o ABSOLUTE
    main.c                                   0x00000000   Number         0  main.o ABSOLUTE
    spi_flash.c                              0x00000000   Number         0  spi_flash.o ABSOLUTE
    stm32f10x_it.c                           0x00000000   Number         0  stm32f10x_it.o ABSOLUTE
    timer.c                                  0x00000000   Number         0  timer.o ABSOLUTE
    usart1.c                                 0x00000000   Number         0  usart1.o ABSOLUTE
    usart3.c                                 0x00000000   Number         0  usart3.o ABSOLUTE
    RESET                                    0x08000000   Section      304  startup_stm32f10x_hd.o(RESET)
    .ARM.Collect$$$$00000000                 0x08000130   Section        0  entry.o(.ARM.Collect$$$$00000000)
    .ARM.Collect$$$$00000001                 0x08000130   Section        4  entry2.o(.ARM.Collect$$$$00000001)
    .ARM.Collect$$$$00000004                 0x08000134   Section        4  entry5.o(.ARM.Collect$$$$00000004)
    .ARM.Collect$$$$00000008                 0x08000138   Section        0  entry7b.o(.ARM.Collect$$$$00000008)
    .ARM.Collect$$$$0000000A                 0x08000138   Section        0  entry8b.o(.ARM.Collect$$$$0000000A)
    .ARM.Collect$$$$0000000B                 0x08000138   Section        8  entry9a.o(.ARM.Collect$$$$0000000B)
    .ARM.Collect$$$$0000000D                 0x08000140   Section        0  entry10a.o(.ARM.Collect$$$$0000000D)
    .ARM.Collect$$$$0000000F                 0x08000140   Section        0  entry11a.o(.ARM.Collect$$$$0000000F)
    .ARM.Collect$$$$00002712                 0x08000140   Section        4  entry2.o(.ARM.Collect$$$$00002712)
    __lit__00000000                          0x08000140   Data           4  entry2.o(.ARM.Collect$$$$00002712)
    .text                                    0x08000144   Section       36  startup_stm32f10x_hd.o(.text)
    .text                                    0x08000168   Section        0  main.o(.text)
    .text                                    0x0800022c   Section        0  stm32f10x_it.o(.text)
    .text                                    0x08000248   Section        0  usart1.o(.text)
    .text                                    0x080003d8   Section        0  spi_flash.o(.text)
    .text                                    0x08000858   Section        0  led.o(.text)
    .text                                    0x08000894   Section        0  timer.o(.text)
    .text                                    0x0800096c   Section        0  lcd.o(.text)
    .text                                    0x08000c50   Section        0  usart3.o(.text)
    .text                                    0x08000d70   Section        0  delay.o(.text)
    .text                                    0x08000e1c   Section        0  flash_sect.o(.text)
    .text                                    0x08001370   Section        0  stm32f10x_rcc.o(.text)
    .text                                    0x08001714   Section        0  stm32f10x_gpio.o(.text)
    .text                                    0x08001a70   Section        0  stm32f10x_usart.o(.text)
    .text                                    0x08001e78   Section        0  stm32f10x_spi.o(.text)
    .text                                    0x08002184   Section        0  misc.o(.text)
    .text                                    0x08002260   Section        0  stm32f10x_tim.o(.text)
    TI4_Config                               0x08002707   Thumb Code   130  stm32f10x_tim.o(.text)
    TI3_Config                               0x0800279b   Thumb Code   122  stm32f10x_tim.o(.text)
    TI2_Config                               0x0800282f   Thumb Code   130  stm32f10x_tim.o(.text)
    TI1_Config                               0x080028c3   Thumb Code   108  stm32f10x_tim.o(.text)
    .text                                    0x0800307c   Section        0  system_stm32f10x.o(.text)
    SetSysClockTo72                          0x0800307d   Thumb Code   214  system_stm32f10x.o(.text)
    SetSysClock                              0x08003153   Thumb Code     8  system_stm32f10x.o(.text)
    .text                                    0x0800325c   Section        0  memcpya.o(.text)
    .text                                    0x08003280   Section        0  strlen.o(.text)
    .text                                    0x0800328e   Section        0  memcmp.o(.text)
    .text                                    0x080032a8   Section        0  uidiv.o(.text)
    .text                                    0x080032d4   Section        0  uldiv.o(.text)
    .text                                    0x08003336   Section        0  iusefp.o(.text)
    .text                                    0x08003336   Section        0  dadd.o(.text)
    .text                                    0x08003484   Section        0  dmul.o(.text)
    .text                                    0x08003568   Section        0  ddiv.o(.text)
    .text                                    0x08003646   Section        0  dfixul.o(.text)
    .text                                    0x08003678   Section       48  cdrcmple.o(.text)
    .text                                    0x080036a8   Section       36  init.o(.text)
    .text                                    0x080036cc   Section        0  llshl.o(.text)
    .text                                    0x080036ea   Section        0  llushr.o(.text)
    .text                                    0x0800370a   Section        0  llsshr.o(.text)
    .text                                    0x0800372e   Section        0  depilogue.o(.text)
    i.__0printf                              0x080037e8   Section        0  printfa.o(i.__0printf)
    i.__0vsprintf                            0x08003808   Section        0  printfa.o(i.__0vsprintf)
    i.__scatterload_copy                     0x0800382c   Section       14  handlers.o(i.__scatterload_copy)
    i.__scatterload_null                     0x0800383a   Section        2  handlers.o(i.__scatterload_null)
    i.__scatterload_zeroinit                 0x0800383c   Section       14  handlers.o(i.__scatterload_zeroinit)
    i._fp_digits                             0x0800384c   Section        0  printfa.o(i._fp_digits)
    _fp_digits                               0x0800384d   Thumb Code   366  printfa.o(i._fp_digits)
    i._printf_core                           0x080039d0   Section        0  printfa.o(i._printf_core)
    _printf_core                             0x080039d1   Thumb Code  1744  printfa.o(i._printf_core)
    i._printf_post_padding                   0x080040ac   Section        0  printfa.o(i._printf_post_padding)
    _printf_post_padding                     0x080040ad   Thumb Code    36  printfa.o(i._printf_post_padding)
    i._printf_pre_padding                    0x080040d0   Section        0  printfa.o(i._printf_pre_padding)
    _printf_pre_padding                      0x080040d1   Thumb Code    46  printfa.o(i._printf_pre_padding)
    i._sputc                                 0x080040fe   Section        0  printfa.o(i._sputc)
    _sputc                                   0x080040ff   Thumb Code    10  printfa.o(i._sputc)
    .constdata                               0x08004108   Section        5  main.o(.constdata)
    __FUNCTION__                             0x08004108   Data           5  main.o(.constdata)
    .constdata                               0x0800410d   Section       25  flash_sect.o(.constdata)
    __FUNCTION__                             0x0800410d   Data          12  flash_sect.o(.constdata)
    __FUNCTION__                             0x08004119   Data          13  flash_sect.o(.constdata)
    .conststring                             0x08004128   Section       65  flash_sect.o(.conststring)
    .data                                    0x20000000   Section        9  usart1.o(.data)
    receive_count                            0x20000000   Data           2  usart1.o(.data)
    pc_flag                                  0x20000002   Data           1  usart1.o(.data)
    receive_step                             0x20000004   Data           2  usart1.o(.data)
    .data                                    0x20000010   Section       16  timer.o(.data)
    flagLed                                  0x20000010   Data           1  timer.o(.data)
    counter                                  0x20000018   Data           8  timer.o(.data)
    .data                                    0x20000020   Section        7  lcd.o(.data)
    lcd_flag                                 0x20000020   Data           1  lcd.o(.data)
    receive_step                             0x20000022   Data           2  lcd.o(.data)
    receive_count                            0x20000024   Data           2  lcd.o(.data)
    data_length                              0x20000026   Data           1  lcd.o(.data)
    .data                                    0x20000028   Section        4  delay.o(.data)
    fac_us                                   0x20000028   Data           1  delay.o(.data)
    fac_ms                                   0x2000002a   Data           2  delay.o(.data)
    .data                                    0x2000002c   Section        2  global.o(.data)
    .data                                    0x2000002e   Section       20  stm32f10x_rcc.o(.data)
    APBAHBPrescTable                         0x2000002e   Data          16  stm32f10x_rcc.o(.data)
    ADCPrescTable                            0x2000003e   Data           4  stm32f10x_rcc.o(.data)
    .data                                    0x20000044   Section       20  system_stm32f10x.o(.data)
    .data                                    0x20000058   Section        4  stdout.o(.data)
    .bss                                     0x2000005c   Section      250  lcd.o(.bss)
    lcd_buf                                  0x2000005c   Data         250  lcd.o(.bss)
    .bss                                     0x20000156   Section      660  usart3.o(.bss)
    .bss                                     0x200003ea   Section       66  global.o(.bss)
    STACK                                    0x20000430   Section     1024  startup_stm32f10x_hd.o(STACK)

    Global Symbols

    Symbol Name                              Value     Ov Type        Size  Object(Section)

    BuildAttributes$$THM_ISAv4$P$D$K$B$S$PE$A:L22UL41UL21$X:L11$S22US41US21$IEEE1$IW$USESV6$~STKCKD$USESV7$~SHL$OSPACE$ROPI$EBA8$MICROLIB$REQ8$PRES8$EABIv2 0x00000000   Number         0  anon$$obj.o ABSOLUTE
    __ARM_use_no_argv                        0x00000000   Number         0  main.o ABSOLUTE
    _printf_a                                0x00000000   Number         0  stubs.o ABSOLUTE
    _printf_c                                0x00000000   Number         0  stubs.o ABSOLUTE
    _printf_charcount                        0x00000000   Number         0  stubs.o ABSOLUTE
    _printf_d                                0x00000000   Number         0  stubs.o ABSOLUTE
    _printf_e                                0x00000000   Number         0  stubs.o ABSOLUTE
    _printf_f                                0x00000000   Number         0  stubs.o ABSOLUTE
    _printf_flags                            0x00000000   Number         0  stubs.o ABSOLUTE
    _printf_fp_dec                           0x00000000   Number         0  stubs.o ABSOLUTE
    _printf_fp_hex                           0x00000000   Number         0  stubs.o ABSOLUTE
    _printf_g                                0x00000000   Number         0  stubs.o ABSOLUTE
    _printf_i                                0x00000000   Number         0  stubs.o ABSOLUTE
    _printf_int_dec                          0x00000000   Number         0  stubs.o ABSOLUTE
    _printf_l                                0x00000000   Number         0  stubs.o ABSOLUTE
    _printf_lc                               0x00000000   Number         0  stubs.o ABSOLUTE
    _printf_ll                               0x00000000   Number         0  stubs.o ABSOLUTE
    _printf_lld                              0x00000000   Number         0  stubs.o ABSOLUTE
    _printf_lli                              0x00000000   Number         0  stubs.o ABSOLUTE
    _printf_llo                              0x00000000   Number         0  stubs.o ABSOLUTE
    _printf_llu                              0x00000000   Number         0  stubs.o ABSOLUTE
    _printf_llx                              0x00000000   Number         0  stubs.o ABSOLUTE
    _printf_longlong_dec                     0x00000000   Number         0  stubs.o ABSOLUTE
    _printf_longlong_hex                     0x00000000   Number         0  stubs.o ABSOLUTE
    _printf_longlong_oct                     0x00000000   Number         0  stubs.o ABSOLUTE
    _printf_ls                               0x00000000   Number         0  stubs.o ABSOLUTE
    _printf_mbtowc                           0x00000000   Number         0  stubs.o ABSOLUTE
    _printf_n                                0x00000000   Number         0  stubs.o ABSOLUTE
    _printf_o                                0x00000000   Number         0  stubs.o ABSOLUTE
    _printf_p                                0x00000000   Number         0  stubs.o ABSOLUTE
    _printf_percent                          0x00000000   Number         0  stubs.o ABSOLUTE
    _printf_pre_padding                      0x00000000   Number         0  stubs.o ABSOLUTE
    _printf_return_value                     0x00000000   Number         0  stubs.o ABSOLUTE
    _printf_s                                0x00000000   Number         0  stubs.o ABSOLUTE
    _printf_sizespec                         0x00000000   Number         0  stubs.o ABSOLUTE
    _printf_str                              0x00000000   Number         0  stubs.o ABSOLUTE
    _printf_truncate_signed                  0x00000000   Number         0  stubs.o ABSOLUTE
    _printf_truncate_unsigned                0x00000000   Number         0  stubs.o ABSOLUTE
    _printf_u                                0x00000000   Number         0  stubs.o ABSOLUTE
    _printf_wc                               0x00000000   Number         0  stubs.o ABSOLUTE
    _printf_wctomb                           0x00000000   Number         0  stubs.o ABSOLUTE
    _printf_widthprec                        0x00000000   Number         0  stubs.o ABSOLUTE
    _printf_x                                0x00000000   Number         0  stubs.o ABSOLUTE
    __cpp_initialize__aeabi_                  - Undefined Weak Reference
    __cxa_finalize                            - Undefined Weak Reference
    __decompress                              - Undefined Weak Reference
    _clock_init                               - Undefined Weak Reference
    _microlib_exit                            - Undefined Weak Reference
    __Vectors_Size                           0x00000130   Number         0  startup_stm32f10x_hd.o ABSOLUTE
    __Vectors                                0x08000000   Data           4  startup_stm32f10x_hd.o(RESET)
    __Vectors_End                            0x08000130   Data           0  startup_stm32f10x_hd.o(RESET)
    __main                                   0x08000131   Thumb Code     0  entry.o(.ARM.Collect$$$$00000000)
    _main_stk                                0x08000131   Thumb Code     0  entry2.o(.ARM.Collect$$$$00000001)
    _main_scatterload                        0x08000135   Thumb Code     0  entry5.o(.ARM.Collect$$$$00000004)
    __main_after_scatterload                 0x08000139   Thumb Code     0  entry5.o(.ARM.Collect$$$$00000004)
    _main_clock                              0x08000139   Thumb Code     0  entry7b.o(.ARM.Collect$$$$00000008)
    _main_cpp_init                           0x08000139   Thumb Code     0  entry8b.o(.ARM.Collect$$$$0000000A)
    _main_init                               0x08000139   Thumb Code     0  entry9a.o(.ARM.Collect$$$$0000000B)
    __rt_final_cpp                           0x08000141   Thumb Code     0  entry10a.o(.ARM.Collect$$$$0000000D)
    __rt_final_exit                          0x08000141   Thumb Code     0  entry11a.o(.ARM.Collect$$$$0000000F)
    Reset_Handler                            0x08000145   Thumb Code     8  startup_stm32f10x_hd.o(.text)
    ADC1_2_IRQHandler                        0x0800015f   Thumb Code     0  startup_stm32f10x_hd.o(.text)
    ADC3_IRQHandler                          0x0800015f   Thumb Code     0  startup_stm32f10x_hd.o(.text)
    CAN1_RX1_IRQHandler                      0x0800015f   Thumb Code     0  startup_stm32f10x_hd.o(.text)
    CAN1_SCE_IRQHandler                      0x0800015f   Thumb Code     0  startup_stm32f10x_hd.o(.text)
    DMA1_Channel1_IRQHandler                 0x0800015f   Thumb Code     0  startup_stm32f10x_hd.o(.text)
    DMA1_Channel2_IRQHandler                 0x0800015f   Thumb Code     0  startup_stm32f10x_hd.o(.text)
    DMA1_Channel3_IRQHandler                 0x0800015f   Thumb Code     0  startup_stm32f10x_hd.o(.text)
    DMA1_Channel4_IRQHandler                 0x0800015f   Thumb Code     0  startup_stm32f10x_hd.o(.text)
    DMA1_Channel5_IRQHandler                 0x0800015f   Thumb Code     0  startup_stm32f10x_hd.o(.text)
    DMA1_Channel6_IRQHandler                 0x0800015f   Thumb Code     0  startup_stm32f10x_hd.o(.text)
    DMA1_Channel7_IRQHandler                 0x0800015f   Thumb Code     0  startup_stm32f10x_hd.o(.text)
    DMA2_Channel1_IRQHandler                 0x0800015f   Thumb Code     0  startup_stm32f10x_hd.o(.text)
    DMA2_Channel2_IRQHandler                 0x0800015f   Thumb Code     0  startup_stm32f10x_hd.o(.text)
    DMA2_Channel3_IRQHandler                 0x0800015f   Thumb Code     0  startup_stm32f10x_hd.o(.text)
    DMA2_Channel4_5_IRQHandler               0x0800015f   Thumb Code     0  startup_stm32f10x_hd.o(.text)
    EXTI0_IRQHandler                         0x0800015f   Thumb Code     0  startup_stm32f10x_hd.o(.text)
    EXTI15_10_IRQHandler                     0x0800015f   Thumb Code     0  startup_stm32f10x_hd.o(.text)
    EXTI1_IRQHandler                         0x0800015f   Thumb Code     0  startup_stm32f10x_hd.o(.text)
    EXTI2_IRQHandler                         0x0800015f   Thumb Code     0  startup_stm32f10x_hd.o(.text)
    EXTI3_IRQHandler                         0x0800015f   Thumb Code     0  startup_stm32f10x_hd.o(.text)
    EXTI4_IRQHandler                         0x0800015f   Thumb Code     0  startup_stm32f10x_hd.o(.text)
    EXTI9_5_IRQHandler                       0x0800015f   Thumb Code     0  startup_stm32f10x_hd.o(.text)
    FLASH_IRQHandler                         0x0800015f   Thumb Code     0  startup_stm32f10x_hd.o(.text)
    FSMC_IRQHandler                          0x0800015f   Thumb Code     0  startup_stm32f10x_hd.o(.text)
    I2C1_ER_IRQHandler                       0x0800015f   Thumb Code     0  startup_stm32f10x_hd.o(.text)
    I2C1_EV_IRQHandler                       0x0800015f   Thumb Code     0  startup_stm32f10x_hd.o(.text)
    I2C2_ER_IRQHandler                       0x0800015f   Thumb Code     0  startup_stm32f10x_hd.o(.text)
    I2C2_EV_IRQHandler                       0x0800015f   Thumb Code     0  startup_stm32f10x_hd.o(.text)
    PVD_IRQHandler                           0x0800015f   Thumb Code     0  startup_stm32f10x_hd.o(.text)
    RCC_IRQHandler                           0x0800015f   Thumb Code     0  startup_stm32f10x_hd.o(.text)
    RTCAlarm_IRQHandler                      0x0800015f   Thumb Code     0  startup_stm32f10x_hd.o(.text)
    RTC_IRQHandler                           0x0800015f   Thumb Code     0  startup_stm32f10x_hd.o(.text)
    SDIO_IRQHandler                          0x0800015f   Thumb Code     0  startup_stm32f10x_hd.o(.text)
    SPI1_IRQHandler                          0x0800015f   Thumb Code     0  startup_stm32f10x_hd.o(.text)
    SPI2_IRQHandler                          0x0800015f   Thumb Code     0  startup_stm32f10x_hd.o(.text)
    SPI3_IRQHandler                          0x0800015f   Thumb Code     0  startup_stm32f10x_hd.o(.text)
    TAMPER_IRQHandler                        0x0800015f   Thumb Code     0  startup_stm32f10x_hd.o(.text)
    TIM1_BRK_IRQHandler                      0x0800015f   Thumb Code     0  startup_stm32f10x_hd.o(.text)
    TIM1_CC_IRQHandler                       0x0800015f   Thumb Code     0  startup_stm32f10x_hd.o(.text)
    TIM1_TRG_COM_IRQHandler                  0x0800015f   Thumb Code     0  startup_stm32f10x_hd.o(.text)
    TIM1_UP_IRQHandler                       0x0800015f   Thumb Code     0  startup_stm32f10x_hd.o(.text)
    TIM2_IRQHandler                          0x0800015f   Thumb Code     0  startup_stm32f10x_hd.o(.text)
    TIM4_IRQHandler                          0x0800015f   Thumb Code     0  startup_stm32f10x_hd.o(.text)
    TIM5_IRQHandler                          0x0800015f   Thumb Code     0  startup_stm32f10x_hd.o(.text)
    TIM6_IRQHandler                          0x0800015f   Thumb Code     0  startup_stm32f10x_hd.o(.text)
    TIM7_IRQHandler                          0x0800015f   Thumb Code     0  startup_stm32f10x_hd.o(.text)
    TIM8_BRK_IRQHandler                      0x0800015f   Thumb Code     0  startup_stm32f10x_hd.o(.text)
    TIM8_CC_IRQHandler                       0x0800015f   Thumb Code     0  startup_stm32f10x_hd.o(.text)
    TIM8_TRG_COM_IRQHandler                  0x0800015f   Thumb Code     0  startup_stm32f10x_hd.o(.text)
    TIM8_UP_IRQHandler                       0x0800015f   Thumb Code     0  startup_stm32f10x_hd.o(.text)
    UART4_IRQHandler                         0x0800015f   Thumb Code     0  startup_stm32f10x_hd.o(.text)
    UART5_IRQHandler                         0x0800015f   Thumb Code     0  startup_stm32f10x_hd.o(.text)
    USART2_IRQHandler                        0x0800015f   Thumb Code     0  startup_stm32f10x_hd.o(.text)
    USBWakeUp_IRQHandler                     0x0800015f   Thumb Code     0  startup_stm32f10x_hd.o(.text)
    USB_HP_CAN1_TX_IRQHandler                0x0800015f   Thumb Code     0  startup_stm32f10x_hd.o(.text)
    USB_LP_CAN1_RX0_IRQHandler               0x0800015f   Thumb Code     0  startup_stm32f10x_hd.o(.text)
    WWDG_IRQHandler                          0x0800015f   Thumb Code     0  startup_stm32f10x_hd.o(.text)
    Delay                                    0x08000169   Thumb Code    18  main.o(.text)
    main                                     0x0800017b   Thumb Code   102  main.o(.text)
    NMI_Handler                              0x0800022d   Thumb Code     2  stm32f10x_it.o(.text)
    HardFault_Handler                        0x0800022f   Thumb Code     4  stm32f10x_it.o(.text)
    MemManage_Handler                        0x08000233   Thumb Code     4  stm32f10x_it.o(.text)
    BusFault_Handler                         0x08000237   Thumb Code     4  stm32f10x_it.o(.text)
    UsageFault_Handler                       0x0800023b   Thumb Code     4  stm32f10x_it.o(.text)
    SVC_Handler                              0x0800023f   Thumb Code     2  stm32f10x_it.o(.text)
    DebugMon_Handler                         0x08000241   Thumb Code     2  stm32f10x_it.o(.text)
    PendSV_Handler                           0x08000243   Thumb Code     2  stm32f10x_it.o(.text)
    SysTick_Handler                          0x08000245   Thumb Code     2  stm32f10x_it.o(.text)
    usart1_send_byte                         0x08000249   Thumb Code    28  usart1.o(.text)
    NVIC_Configuration                       0x08000265   Thumb Code    40  usart1.o(.text)
    USART1_Config                            0x0800028d   Thumb Code   168  usart1.o(.text)
    fputc                                    0x08000335   Thumb Code    36  usart1.o(.text)
    PC_receive                               0x08000359   Thumb Code    20  usart1.o(.text)
    process_uart1                            0x0800036d   Thumb Code    14  usart1.o(.text)
    USART1_IRQHandler                        0x0800037b   Thumb Code    46  usart1.o(.text)
    fgetc                                    0x080003a9   Thumb Code    26  usart1.o(.text)
    SPI_FLASH_Init                           0x080003d9   Thumb Code   176  spi_flash.o(.text)
    SPI_FLASH_SendByte                       0x08000489   Thumb Code    50  spi_flash.o(.text)
    SPI_FLASH_WaitForWriteEnd                0x080004bb   Thumb Code    46  spi_flash.o(.text)
    SPI_FLASH_WriteEnable                    0x080004e9   Thumb Code    26  spi_flash.o(.text)
    SPI_FLASH_SectorErase                    0x08000503   Thumb Code    62  spi_flash.o(.text)
    SPI_FLASH_BulkErase                      0x08000541   Thumb Code    34  spi_flash.o(.text)
    SPI_FLASH_PageWrite                      0x08000563   Thumb Code    92  spi_flash.o(.text)
    SPI_FLASH_BufferWrite                    0x080005bf   Thumb Code   290  spi_flash.o(.text)
    SPI_FLASH_BufferRead                     0x080006e1   Thumb Code    76  spi_flash.o(.text)
    SPI_FLASH_ReadID                         0x0800072d   Thumb Code    74  spi_flash.o(.text)
    SPI_FLASH_ReadDeviceID                   0x08000777   Thumb Code    56  spi_flash.o(.text)
    SPI_FLASH_StartReadSequence              0x080007af   Thumb Code    42  spi_flash.o(.text)
    SPI_FLASH_ReadByte                       0x080007d9   Thumb Code    20  spi_flash.o(.text)
    SPI_FLASH_SendHalfWord                   0x080007ed   Thumb Code    48  spi_flash.o(.text)
    SPI_Flash_PowerDown                      0x0800081d   Thumb Code    26  spi_flash.o(.text)
    SPI_Flash_WAKEUP                         0x08000837   Thumb Code    26  spi_flash.o(.text)
    LED_Init                                 0x08000859   Thumb Code    54  led.o(.text)
    Timerx_Init                              0x08000895   Thumb Code    94  timer.o(.text)
    TIM3_IRQHandler                          0x080008f3   Thumb Code   104  timer.o(.text)
    lcd_showpic                              0x0800096d   Thumb Code    70  lcd.o(.text)
    lcd_sendword                             0x080009b3   Thumb Code   100  lcd.o(.text)
    lcd_sendhz                               0x08000a17   Thumb Code    96  lcd.o(.text)
    lcd_clearhz                              0x08000a77   Thumb Code    82  lcd.o(.text)
    lcd_receive                              0x08000ac9   Thumb Code   170  lcd.o(.text)
    lcd_getdata                              0x08000b73   Thumb Code    60  lcd.o(.text)
    lcd_readword                             0x08000baf   Thumb Code   104  lcd.o(.text)
    USART3_IRQHandler                        0x08000c17   Thumb Code    20  lcd.o(.text)
    usart3_init                              0x08000c51   Thumb Code   176  usart3.o(.text)
    u3_printf                                0x08000d01   Thumb Code    72  usart3.o(.text)
    uart3_send_byte                          0x08000d49   Thumb Code    28  usart3.o(.text)
    delay_init                               0x08000d71   Thumb Code    52  delay.o(.text)
    delay_ms                                 0x08000da5   Thumb Code    56  delay.o(.text)
    delay_us                                 0x08000ddd   Thumb Code    56  delay.o(.text)
    Buffercmp                                0x08000e1d   Thumb Code    36  flash_sect.o(.text)
    FlashTest                                0x08000e41   Thumb Code   160  flash_sect.o(.text)
    GetWaveType                              0x08000ee1   Thumb Code    48  flash_sect.o(.text)
    FlashInit                                0x08000f11   Thumb Code    64  flash_sect.o(.text)
    FlashClose                               0x08000f51   Thumb Code     8  flash_sect.o(.text)
    SetWaveType                              0x08000f59   Thumb Code   184  flash_sect.o(.text)
    AddWaveType                              0x08001011   Thumb Code   112  flash_sect.o(.text)
    waveTypeTest                             0x08001081   Thumb Code   244  flash_sect.o(.text)
    RCC_DeInit                               0x08001371   Thumb Code    64  stm32f10x_rcc.o(.text)
    RCC_HSEConfig                            0x080013b1   Thumb Code    70  stm32f10x_rcc.o(.text)
    RCC_GetFlagStatus                        0x080013f7   Thumb Code    56  stm32f10x_rcc.o(.text)
    RCC_WaitForHSEStartUp                    0x0800142f   Thumb Code    56  stm32f10x_rcc.o(.text)
    RCC_AdjustHSICalibrationValue            0x08001467   Thumb Code    20  stm32f10x_rcc.o(.text)
    RCC_HSICmd                               0x0800147b   Thumb Code     6  stm32f10x_rcc.o(.text)
    RCC_PLLConfig                            0x08001481   Thumb Code    24  stm32f10x_rcc.o(.text)
    RCC_PLLCmd                               0x08001499   Thumb Code     6  stm32f10x_rcc.o(.text)
    RCC_SYSCLKConfig                         0x0800149f   Thumb Code    18  stm32f10x_rcc.o(.text)
    RCC_GetSYSCLKSource                      0x080014b1   Thumb Code    10  stm32f10x_rcc.o(.text)
    RCC_HCLKConfig                           0x080014bb   Thumb Code    18  stm32f10x_rcc.o(.text)
    RCC_PCLK1Config                          0x080014cd   Thumb Code    18  stm32f10x_rcc.o(.text)
    RCC_PCLK2Config                          0x080014df   Thumb Code    20  stm32f10x_rcc.o(.text)
    RCC_ITConfig                             0x080014f3   Thumb Code    26  stm32f10x_rcc.o(.text)
    RCC_USBCLKConfig                         0x0800150d   Thumb Code     8  stm32f10x_rcc.o(.text)
    RCC_ADCCLKConfig                         0x08001515   Thumb Code    18  stm32f10x_rcc.o(.text)
    RCC_LSEConfig                            0x08001527   Thumb Code    50  stm32f10x_rcc.o(.text)
    RCC_LSICmd                               0x08001559   Thumb Code     6  stm32f10x_rcc.o(.text)
    RCC_RTCCLKConfig                         0x0800155f   Thumb Code    12  stm32f10x_rcc.o(.text)
    RCC_RTCCLKCmd                            0x0800156b   Thumb Code     8  stm32f10x_rcc.o(.text)
    RCC_GetClocksFreq                        0x08001573   Thumb Code   192  stm32f10x_rcc.o(.text)
    RCC_AHBPeriphClockCmd                    0x08001633   Thumb Code    26  stm32f10x_rcc.o(.text)
    RCC_APB2PeriphClockCmd                   0x0800164d   Thumb Code    26  stm32f10x_rcc.o(.text)
    RCC_APB1PeriphClockCmd                   0x08001667   Thumb Code    26  stm32f10x_rcc.o(.text)
    RCC_APB2PeriphResetCmd                   0x08001681   Thumb Code    26  stm32f10x_rcc.o(.text)
    RCC_APB1PeriphResetCmd                   0x0800169b   Thumb Code    26  stm32f10x_rcc.o(.text)
    RCC_BackupResetCmd                       0x080016b5   Thumb Code     8  stm32f10x_rcc.o(.text)
    RCC_ClockSecuritySystemCmd               0x080016bd   Thumb Code     6  stm32f10x_rcc.o(.text)
    RCC_MCOConfig                            0x080016c3   Thumb Code     6  stm32f10x_rcc.o(.text)
    RCC_ClearFlag                            0x080016c9   Thumb Code    14  stm32f10x_rcc.o(.text)
    RCC_GetITStatus                          0x080016d7   Thumb Code    20  stm32f10x_rcc.o(.text)
    RCC_ClearITPendingBit                    0x080016eb   Thumb Code     6  stm32f10x_rcc.o(.text)
    GPIO_DeInit                              0x08001715   Thumb Code   172  stm32f10x_gpio.o(.text)
    GPIO_AFIODeInit                          0x080017c1   Thumb Code    20  stm32f10x_gpio.o(.text)
    GPIO_Init                                0x080017d5   Thumb Code   278  stm32f10x_gpio.o(.text)
    GPIO_StructInit                          0x080018eb   Thumb Code    16  stm32f10x_gpio.o(.text)
    GPIO_ReadInputDataBit                    0x080018fb   Thumb Code    18  stm32f10x_gpio.o(.text)
    GPIO_ReadInputData                       0x0800190d   Thumb Code     8  stm32f10x_gpio.o(.text)
    GPIO_ReadOutputDataBit                   0x08001915   Thumb Code    18  stm32f10x_gpio.o(.text)
    GPIO_ReadOutputData                      0x08001927   Thumb Code     8  stm32f10x_gpio.o(.text)
    GPIO_SetBits                             0x0800192f   Thumb Code     4  stm32f10x_gpio.o(.text)
    GPIO_ResetBits                           0x08001933   Thumb Code     4  stm32f10x_gpio.o(.text)
    GPIO_WriteBit                            0x08001937   Thumb Code    10  stm32f10x_gpio.o(.text)
    GPIO_Write                               0x08001941   Thumb Code     4  stm32f10x_gpio.o(.text)
    GPIO_PinLockConfig                       0x08001945   Thumb Code    18  stm32f10x_gpio.o(.text)
    GPIO_EventOutputConfig                   0x08001957   Thumb Code    26  stm32f10x_gpio.o(.text)
    GPIO_EventOutputCmd                      0x08001971   Thumb Code     6  stm32f10x_gpio.o(.text)
    GPIO_PinRemapConfig                      0x08001977   Thumb Code   138  stm32f10x_gpio.o(.text)
    GPIO_EXTILineConfig                      0x08001a01   Thumb Code    66  stm32f10x_gpio.o(.text)
    GPIO_ETH_MediaInterfaceConfig            0x08001a43   Thumb Code     8  stm32f10x_gpio.o(.text)
    USART_DeInit                             0x08001a71   Thumb Code   134  stm32f10x_usart.o(.text)
    USART_Init                               0x08001af7   Thumb Code   210  stm32f10x_usart.o(.text)
    USART_StructInit                         0x08001bc9   Thumb Code    24  stm32f10x_usart.o(.text)
    USART_ClockInit                          0x08001be1   Thumb Code    34  stm32f10x_usart.o(.text)
    USART_ClockStructInit                    0x08001c03   Thumb Code    12  stm32f10x_usart.o(.text)
    USART_Cmd                                0x08001c0f   Thumb Code    24  stm32f10x_usart.o(.text)
    USART_ITConfig                           0x08001c27   Thumb Code    74  stm32f10x_usart.o(.text)
    USART_DMACmd                             0x08001c71   Thumb Code    18  stm32f10x_usart.o(.text)
    USART_SetAddress                         0x08001c83   Thumb Code    18  stm32f10x_usart.o(.text)
    USART_WakeUpConfig                       0x08001c95   Thumb Code    18  stm32f10x_usart.o(.text)
    USART_ReceiverWakeUpCmd                  0x08001ca7   Thumb Code    24  stm32f10x_usart.o(.text)
    USART_LINBreakDetectLengthConfig         0x08001cbf   Thumb Code    18  stm32f10x_usart.o(.text)
    USART_LINCmd                             0x08001cd1   Thumb Code    24  stm32f10x_usart.o(.text)
    USART_SendData                           0x08001ce9   Thumb Code     8  stm32f10x_usart.o(.text)
    USART_ReceiveData                        0x08001cf1   Thumb Code    10  stm32f10x_usart.o(.text)
    USART_SendBreak                          0x08001cfb   Thumb Code    10  stm32f10x_usart.o(.text)
    USART_SetGuardTime                       0x08001d05   Thumb Code    16  stm32f10x_usart.o(.text)
    USART_SetPrescaler                       0x08001d15   Thumb Code    16  stm32f10x_usart.o(.text)
    USART_SmartCardCmd                       0x08001d25   Thumb Code    24  stm32f10x_usart.o(.text)
    USART_SmartCardNACKCmd                   0x08001d3d   Thumb Code    24  stm32f10x_usart.o(.text)
    USART_HalfDuplexCmd                      0x08001d55   Thumb Code    24  stm32f10x_usart.o(.text)
    USART_OverSampling8Cmd                   0x08001d6d   Thumb Code    22  stm32f10x_usart.o(.text)
    USART_OneBitMethodCmd                    0x08001d83   Thumb Code    24  stm32f10x_usart.o(.text)
    USART_IrDAConfig                         0x08001d9b   Thumb Code    18  stm32f10x_usart.o(.text)
    USART_IrDACmd                            0x08001dad   Thumb Code    24  stm32f10x_usart.o(.text)
    USART_GetFlagStatus                      0x08001dc5   Thumb Code    26  stm32f10x_usart.o(.text)
    USART_ClearFlag                          0x08001ddf   Thumb Code    18  stm32f10x_usart.o(.text)
    USART_GetITStatus                        0x08001df1   Thumb Code    84  stm32f10x_usart.o(.text)
    USART_ClearITPendingBit                  0x08001e45   Thumb Code    52  stm32f10x_usart.o(.text)
    SPI_I2S_DeInit                           0x08001e79   Thumb Code    76  stm32f10x_spi.o(.text)
    SPI_Init                                 0x08001ec5   Thumb Code    60  stm32f10x_spi.o(.text)
    I2S_Init                                 0x08001f01   Thumb Code   226  stm32f10x_spi.o(.text)
    SPI_StructInit                           0x08001fe3   Thumb Code    24  stm32f10x_spi.o(.text)
    I2S_StructInit                           0x08001ffb   Thumb Code    20  stm32f10x_spi.o(.text)
    SPI_Cmd                                  0x0800200f   Thumb Code    24  stm32f10x_spi.o(.text)
    I2S_Cmd                                  0x08002027   Thumb Code    24  stm32f10x_spi.o(.text)
    SPI_I2S_ITConfig                         0x0800203f   Thumb Code    32  stm32f10x_spi.o(.text)
    SPI_I2S_DMACmd                           0x0800205f   Thumb Code    18  stm32f10x_spi.o(.text)
    SPI_I2S_SendData                         0x08002071   Thumb Code     4  stm32f10x_spi.o(.text)
    SPI_I2S_ReceiveData                      0x08002075   Thumb Code     6  stm32f10x_spi.o(.text)
    SPI_NSSInternalSoftwareConfig            0x0800207b   Thumb Code    30  stm32f10x_spi.o(.text)
    SPI_SSOutputCmd                          0x08002099   Thumb Code    24  stm32f10x_spi.o(.text)
    SPI_DataSizeConfig                       0x080020b1   Thumb Code    18  stm32f10x_spi.o(.text)
    SPI_TransmitCRC                          0x080020c3   Thumb Code    10  stm32f10x_spi.o(.text)
    SPI_CalculateCRC                         0x080020cd   Thumb Code    24  stm32f10x_spi.o(.text)
    SPI_GetCRC                               0x080020e5   Thumb Code    16  stm32f10x_spi.o(.text)
    SPI_GetCRCPolynomial                     0x080020f5   Thumb Code     6  stm32f10x_spi.o(.text)
    SPI_BiDirectionalLineConfig              0x080020fb   Thumb Code    28  stm32f10x_spi.o(.text)
    SPI_I2S_GetFlagStatus                    0x08002117   Thumb Code    18  stm32f10x_spi.o(.text)
    SPI_I2S_ClearFlag                        0x08002129   Thumb Code     6  stm32f10x_spi.o(.text)
    SPI_I2S_GetITStatus                      0x0800212f   Thumb Code    52  stm32f10x_spi.o(.text)
    SPI_I2S_ClearITPendingBit                0x08002163   Thumb Code    20  stm32f10x_spi.o(.text)
    NVIC_PriorityGroupConfig                 0x08002185   Thumb Code    10  misc.o(.text)
    NVIC_Init                                0x0800218f   Thumb Code   100  misc.o(.text)
    NVIC_SetVectorTable                      0x080021f3   Thumb Code    14  misc.o(.text)
    NVIC_SystemLPConfig                      0x08002201   Thumb Code    34  misc.o(.text)
    SysTick_CLKSourceConfig                  0x08002223   Thumb Code    40  misc.o(.text)
    TIM_DeInit                               0x08002261   Thumb Code   424  stm32f10x_tim.o(.text)
    TIM_TimeBaseInit                         0x08002409   Thumb Code   122  stm32f10x_tim.o(.text)
    TIM_OC1Init                              0x08002483   Thumb Code   132  stm32f10x_tim.o(.text)
    TIM_OC2Init                              0x08002507   Thumb Code   154  stm32f10x_tim.o(.text)
    TIM_OC3Init                              0x080025a1   Thumb Code   150  stm32f10x_tim.o(.text)
    TIM_OC4Init                              0x08002637   Thumb Code   182  stm32f10x_tim.o(.text)
    TIM_SetIC4Prescaler                      0x080026ed   Thumb Code    26  stm32f10x_tim.o(.text)
    TIM_SetIC3Prescaler                      0x08002789   Thumb Code    18  stm32f10x_tim.o(.text)
    TIM_SetIC2Prescaler                      0x08002815   Thumb Code    26  stm32f10x_tim.o(.text)
    TIM_SetIC1Prescaler                      0x080028b1   Thumb Code    18  stm32f10x_tim.o(.text)
    TIM_ICInit                               0x0800292f   Thumb Code   150  stm32f10x_tim.o(.text)
    TIM_PWMIConfig                           0x080029c5   Thumb Code   124  stm32f10x_tim.o(.text)
    TIM_BDTRConfig                           0x08002a41   Thumb Code    32  stm32f10x_tim.o(.text)
    TIM_TimeBaseStructInit                   0x08002a61   Thumb Code    18  stm32f10x_tim.o(.text)
    TIM_OCStructInit                         0x08002a73   Thumb Code    20  stm32f10x_tim.o(.text)
    TIM_ICStructInit                         0x08002a87   Thumb Code    18  stm32f10x_tim.o(.text)
    TIM_BDTRStructInit                       0x08002a99   Thumb Code    40  stm32f10x_tim.o(.text)
    TIM_Cmd                                  0x08002ac1   Thumb Code    24  stm32f10x_tim.o(.text)
    TIM_CtrlPWMOutputs                       0x08002ad9   Thumb Code    30  stm32f10x_tim.o(.text)
    TIM_ITConfig                             0x08002af7   Thumb Code    18  stm32f10x_tim.o(.text)
    TIM_GenerateEvent                        0x08002b09   Thumb Code     4  stm32f10x_tim.o(.text)
    TIM_DMAConfig                            0x08002b0d   Thumb Code    10  stm32f10x_tim.o(.text)
    TIM_DMACmd                               0x08002b17   Thumb Code    18  stm32f10x_tim.o(.text)
    TIM_InternalClockConfig                  0x08002b29   Thumb Code    12  stm32f10x_tim.o(.text)
    TIM_SelectInputTrigger                   0x08002b35   Thumb Code    18  stm32f10x_tim.o(.text)
    TIM_ITRxExternalClockConfig              0x08002b47   Thumb Code    24  stm32f10x_tim.o(.text)
    TIM_TIxExternalClockConfig               0x08002b5f   Thumb Code    62  stm32f10x_tim.o(.text)
    TIM_ETRConfig                            0x08002b9d   Thumb Code    28  stm32f10x_tim.o(.text)
    TIM_ETRClockMode1Config                  0x08002bb9   Thumb Code    54  stm32f10x_tim.o(.text)
    TIM_ETRClockMode2Config                  0x08002bef   Thumb Code    32  stm32f10x_tim.o(.text)
    TIM_PrescalerConfig                      0x08002c0f   Thumb Code     6  stm32f10x_tim.o(.text)
    TIM_CounterModeConfig                    0x08002c15   Thumb Code    18  stm32f10x_tim.o(.text)
    TIM_EncoderInterfaceConfig               0x08002c27   Thumb Code    66  stm32f10x_tim.o(.text)
    TIM_ForcedOC1Config                      0x08002c69   Thumb Code    18  stm32f10x_tim.o(.text)
    TIM_ForcedOC2Config                      0x08002c7b   Thumb Code    26  stm32f10x_tim.o(.text)
    TIM_ForcedOC3Config                      0x08002c95   Thumb Code    18  stm32f10x_tim.o(.text)
    TIM_ForcedOC4Config                      0x08002ca7   Thumb Code    26  stm32f10x_tim.o(.text)
    TIM_ARRPreloadConfig                     0x08002cc1   Thumb Code    24  stm32f10x_tim.o(.text)
    TIM_SelectCOM                            0x08002cd9   Thumb Code    24  stm32f10x_tim.o(.text)
    TIM_SelectCCDMA                          0x08002cf1   Thumb Code    24  stm32f10x_tim.o(.text)
    TIM_CCPreloadControl                     0x08002d09   Thumb Code    24  stm32f10x_tim.o(.text)
    TIM_OC1PreloadConfig                     0x08002d21   Thumb Code    18  stm32f10x_tim.o(.text)
    TIM_OC2PreloadConfig                     0x08002d33   Thumb Code    26  stm32f10x_tim.o(.text)
    TIM_OC3PreloadConfig                     0x08002d4d   Thumb Code    18  stm32f10x_tim.o(.text)
    TIM_OC4PreloadConfig                     0x08002d5f   Thumb Code    26  stm32f10x_tim.o(.text)
    TIM_OC1FastConfig                        0x08002d79   Thumb Code    18  stm32f10x_tim.o(.text)
    TIM_OC2FastConfig                        0x08002d8b   Thumb Code    26  stm32f10x_tim.o(.text)
    TIM_OC3FastConfig                        0x08002da5   Thumb Code    18  stm32f10x_tim.o(.text)
    TIM_OC4FastConfig                        0x08002db7   Thumb Code    26  stm32f10x_tim.o(.text)
    TIM_ClearOC1Ref                          0x08002dd1   Thumb Code    18  stm32f10x_tim.o(.text)
    TIM_ClearOC2Ref                          0x08002de3   Thumb Code    24  stm32f10x_tim.o(.text)
    TIM_ClearOC3Ref                          0x08002dfb   Thumb Code    18  stm32f10x_tim.o(.text)
    TIM_ClearOC4Ref                          0x08002e0d   Thumb Code    24  stm32f10x_tim.o(.text)
    TIM_OC1PolarityConfig                    0x08002e25   Thumb Code    18  stm32f10x_tim.o(.text)
    TIM_OC1NPolarityConfig                   0x08002e37   Thumb Code    18  stm32f10x_tim.o(.text)
    TIM_OC2PolarityConfig                    0x08002e49   Thumb Code    26  stm32f10x_tim.o(.text)
    TIM_OC2NPolarityConfig                   0x08002e63   Thumb Code    26  stm32f10x_tim.o(.text)
    TIM_OC3PolarityConfig                    0x08002e7d   Thumb Code    26  stm32f10x_tim.o(.text)
    TIM_OC3NPolarityConfig                   0x08002e97   Thumb Code    26  stm32f10x_tim.o(.text)
    TIM_OC4PolarityConfig                    0x08002eb1   Thumb Code    26  stm32f10x_tim.o(.text)
    TIM_CCxCmd                               0x08002ecb   Thumb Code    30  stm32f10x_tim.o(.text)
    TIM_CCxNCmd                              0x08002ee9   Thumb Code    30  stm32f10x_tim.o(.text)
    TIM_SelectOCxM                           0x08002f07   Thumb Code    82  stm32f10x_tim.o(.text)
    TIM_UpdateDisableConfig                  0x08002f59   Thumb Code    24  stm32f10x_tim.o(.text)
    TIM_UpdateRequestConfig                  0x08002f71   Thumb Code    24  stm32f10x_tim.o(.text)
    TIM_SelectHallSensor                     0x08002f89   Thumb Code    24  stm32f10x_tim.o(.text)
    TIM_SelectOnePulseMode                   0x08002fa1   Thumb Code    18  stm32f10x_tim.o(.text)
    TIM_SelectOutputTrigger                  0x08002fb3   Thumb Code    18  stm32f10x_tim.o(.text)
    TIM_SelectSlaveMode                      0x08002fc5   Thumb Code    18  stm32f10x_tim.o(.text)
    TIM_SelectMasterSlaveMode                0x08002fd7   Thumb Code    18  stm32f10x_tim.o(.text)
    TIM_SetCounter                           0x08002fe9   Thumb Code     4  stm32f10x_tim.o(.text)
    TIM_SetAutoreload                        0x08002fed   Thumb Code     4  stm32f10x_tim.o(.text)
    TIM_SetCompare1                          0x08002ff1   Thumb Code     4  stm32f10x_tim.o(.text)
    TIM_SetCompare2                          0x08002ff5   Thumb Code     4  stm32f10x_tim.o(.text)
    TIM_SetCompare3                          0x08002ff9   Thumb Code     4  stm32f10x_tim.o(.text)
    TIM_SetCompare4                          0x08002ffd   Thumb Code     6  stm32f10x_tim.o(.text)
    TIM_SetClockDivision                     0x08003003   Thumb Code    18  stm32f10x_tim.o(.text)
    TIM_GetCapture1                          0x08003015   Thumb Code     6  stm32f10x_tim.o(.text)
    TIM_GetCapture2                          0x0800301b   Thumb Code     6  stm32f10x_tim.o(.text)
    TIM_GetCapture3                          0x08003021   Thumb Code     6  stm32f10x_tim.o(.text)
    TIM_GetCapture4                          0x08003027   Thumb Code     8  stm32f10x_tim.o(.text)
    TIM_GetCounter                           0x0800302f   Thumb Code     6  stm32f10x_tim.o(.text)
    TIM_GetPrescaler                         0x08003035   Thumb Code     6  stm32f10x_tim.o(.text)
    TIM_GetFlagStatus                        0x0800303b   Thumb Code    18  stm32f10x_tim.o(.text)
    TIM_ClearFlag                            0x0800304d   Thumb Code     6  stm32f10x_tim.o(.text)
    TIM_GetITStatus                          0x08003053   Thumb Code    34  stm32f10x_tim.o(.text)
    TIM_ClearITPendingBit                    0x08003075   Thumb Code     6  stm32f10x_tim.o(.text)
    SystemInit                               0x0800315b   Thumb Code    78  system_stm32f10x.o(.text)
    SystemCoreClockUpdate                    0x080031a9   Thumb Code   142  system_stm32f10x.o(.text)
    __aeabi_memcpy                           0x0800325d   Thumb Code    36  memcpya.o(.text)
    __aeabi_memcpy4                          0x0800325d   Thumb Code     0  memcpya.o(.text)
    __aeabi_memcpy8                          0x0800325d   Thumb Code     0  memcpya.o(.text)
    strlen                                   0x08003281   Thumb Code    14  strlen.o(.text)
    memcmp                                   0x0800328f   Thumb Code    26  memcmp.o(.text)
    __aeabi_uidiv                            0x080032a9   Thumb Code     0  uidiv.o(.text)
    __aeabi_uidivmod                         0x080032a9   Thumb Code    44  uidiv.o(.text)
    __aeabi_uldivmod                         0x080032d5   Thumb Code    98  uldiv.o(.text)
    __I$use$fp                               0x08003337   Thumb Code     0  iusefp.o(.text)
    __aeabi_dadd                             0x08003337   Thumb Code   322  dadd.o(.text)
    __aeabi_dsub                             0x08003479   Thumb Code     6  dadd.o(.text)
    __aeabi_drsub                            0x0800347f   Thumb Code     6  dadd.o(.text)
    __aeabi_dmul                             0x08003485   Thumb Code   228  dmul.o(.text)
    __aeabi_ddiv                             0x08003569   Thumb Code   222  ddiv.o(.text)
    __aeabi_d2ulz                            0x08003647   Thumb Code    48  dfixul.o(.text)
    __aeabi_cdrcmple                         0x08003679   Thumb Code    48  cdrcmple.o(.text)
    __scatterload                            0x080036a9   Thumb Code    28  init.o(.text)
    __scatterload_rt2                        0x080036a9   Thumb Code     0  init.o(.text)
    __aeabi_llsl                             0x080036cd   Thumb Code    30  llshl.o(.text)
    _ll_shift_l                              0x080036cd   Thumb Code     0  llshl.o(.text)
    __aeabi_llsr                             0x080036eb   Thumb Code    32  llushr.o(.text)
    _ll_ushift_r                             0x080036eb   Thumb Code     0  llushr.o(.text)
    __aeabi_lasr                             0x0800370b   Thumb Code    36  llsshr.o(.text)
    _ll_sshift_r                             0x0800370b   Thumb Code     0  llsshr.o(.text)
    _double_round                            0x0800372f   Thumb Code    30  depilogue.o(.text)
    _double_epilogue                         0x0800374d   Thumb Code   156  depilogue.o(.text)
    __0printf                                0x080037e9   Thumb Code    22  printfa.o(i.__0printf)
    __1printf                                0x080037e9   Thumb Code     0  printfa.o(i.__0printf)
    __2printf                                0x080037e9   Thumb Code     0  printfa.o(i.__0printf)
    __c89printf                              0x080037e9   Thumb Code     0  printfa.o(i.__0printf)
    printf                                   0x080037e9   Thumb Code     0  printfa.o(i.__0printf)
    __0vsprintf                              0x08003809   Thumb Code    30  printfa.o(i.__0vsprintf)
    __1vsprintf                              0x08003809   Thumb Code     0  printfa.o(i.__0vsprintf)
    __2vsprintf                              0x08003809   Thumb Code     0  printfa.o(i.__0vsprintf)
    __c89vsprintf                            0x08003809   Thumb Code     0  printfa.o(i.__0vsprintf)
    vsprintf                                 0x08003809   Thumb Code     0  printfa.o(i.__0vsprintf)
    __scatterload_copy                       0x0800382d   Thumb Code    14  handlers.o(i.__scatterload_copy)
    __scatterload_null                       0x0800383b   Thumb Code     2  handlers.o(i.__scatterload_null)
    __scatterload_zeroinit                   0x0800383d   Thumb Code    14  handlers.o(i.__scatterload_zeroinit)
    Region$$Table$$Base                      0x0800416c   Number         0  anon$$obj.o(Region$$Table)
    Region$$Table$$Limit                     0x0800418c   Number         0  anon$$obj.o(Region$$Table)
    data_length                              0x20000006   Data           2  usart1.o(.data)
    ch                                       0x20000008   Data           1  usart1.o(.data)
    g_nDEBUG_LEVEL                           0x2000002c   Data           1  global.o(.data)
    g_WaveID                                 0x2000002d   Data           1  global.o(.data)
    SystemCoreClock                          0x20000044   Data           4  system_stm32f10x.o(.data)
    AHBPrescTable                            0x20000048   Data          16  system_stm32f10x.o(.data)
    __stdout                                 0x20000058   Data           4  stdout.o(.data)
    USART3_RX_BUF                            0x20000156   Data          60  usart3.o(.bss)
    USART3_TX_BUF                            0x20000192   Data         600  usart3.o(.bss)
    g_allWaveType                            0x200003ea   Data          66  global.o(.bss)
    __initial_sp                             0x20000830   Data           0  startup_stm32f10x_hd.o(STACK)



==============================================================================

Memory Map of the image

  Image Entry point : 0x08000131

  Load Region LR_IROM1 (Base: 0x08000000, Size: 0x000041e8, Max: 0x00080000, ABSOLUTE)

    Execution Region ER_IROM1 (Exec base: 0x08000000, Load base: 0x08000000, Size: 0x0000418c, Max: 0x00080000, ABSOLUTE)

    Exec Addr    Load Addr    Size         Type   Attr      Idx    E Section Name        Object

    0x08000000   0x08000000   0x00000130   Data   RO            3    RESET               startup_stm32f10x_hd.o
    0x08000130   0x08000130   0x00000000   Code   RO          602  * .ARM.Collect$$$$00000000  mc_w.l(entry.o)
    0x08000130   0x08000130   0x00000004   Code   RO          874    .ARM.Collect$$$$00000001  mc_w.l(entry2.o)
    0x08000134   0x08000134   0x00000004   Code   RO          877    .ARM.Collect$$$$00000004  mc_w.l(entry5.o)
    0x08000138   0x08000138   0x00000000   Code   RO          879    .ARM.Collect$$$$00000008  mc_w.l(entry7b.o)
    0x08000138   0x08000138   0x00000000   Code   RO          881    .ARM.Collect$$$$0000000A  mc_w.l(entry8b.o)
    0x08000138   0x08000138   0x00000008   Code   RO          882    .ARM.Collect$$$$0000000B  mc_w.l(entry9a.o)
    0x08000140   0x08000140   0x00000000   Code   RO          884    .ARM.Collect$$$$0000000D  mc_w.l(entry10a.o)
    0x08000140   0x08000140   0x00000000   Code   RO          886    .ARM.Collect$$$$0000000F  mc_w.l(entry11a.o)
    0x08000140   0x08000140   0x00000004   Code   RO          875    .ARM.Collect$$$$00002712  mc_w.l(entry2.o)
    0x08000144   0x08000144   0x00000024   Code   RO            4    .text               startup_stm32f10x_hd.o
    0x08000168   0x08000168   0x000000c4   Code   RO           10    .text               main.o
    0x0800022c   0x0800022c   0x0000001a   Code   RO          100    .text               stm32f10x_it.o
    0x08000246   0x08000246   0x00000002   PAD
    0x08000248   0x08000248   0x00000190   Code   RO          115    .text               usart1.o
    0x080003d8   0x080003d8   0x00000480   Code   RO          132    .text               spi_flash.o
    0x08000858   0x08000858   0x0000003c   Code   RO          144    .text               led.o
    0x08000894   0x08000894   0x000000d8   Code   RO          156    .text               timer.o
    0x0800096c   0x0800096c   0x000002e4   Code   RO          169    .text               lcd.o
    0x08000c50   0x08000c50   0x00000120   Code   RO          184    .text               usart3.o
    0x08000d70   0x08000d70   0x000000ac   Code   RO          207    .text               delay.o
    0x08000e1c   0x08000e1c   0x00000554   Code   RO          221    .text               flash_sect.o
    0x08001370   0x08001370   0x000003a4   Code   RO          254    .text               stm32f10x_rcc.o
    0x08001714   0x08001714   0x0000035c   Code   RO          268    .text               stm32f10x_gpio.o
    0x08001a70   0x08001a70   0x00000408   Code   RO          280    .text               stm32f10x_usart.o
    0x08001e78   0x08001e78   0x0000030c   Code   RO          292    .text               stm32f10x_spi.o
    0x08002184   0x08002184   0x000000dc   Code   RO          304    .text               misc.o
    0x08002260   0x08002260   0x00000e1a   Code   RO          547    .text               stm32f10x_tim.o
    0x0800307a   0x0800307a   0x00000002   PAD
    0x0800307c   0x0800307c   0x000001e0   Code   RO          584    .text               system_stm32f10x.o
    0x0800325c   0x0800325c   0x00000024   Code   RO          605    .text               mc_w.l(memcpya.o)
    0x08003280   0x08003280   0x0000000e   Code   RO          607    .text               mc_w.l(strlen.o)
    0x0800328e   0x0800328e   0x0000001a   Code   RO          609    .text               mc_w.l(memcmp.o)
    0x080032a8   0x080032a8   0x0000002c   Code   RO          889    .text               mc_w.l(uidiv.o)
    0x080032d4   0x080032d4   0x00000062   Code   RO          891    .text               mc_w.l(uldiv.o)
    0x08003336   0x08003336   0x00000000   Code   RO          893    .text               mc_w.l(iusefp.o)
    0x08003336   0x08003336   0x0000014e   Code   RO          894    .text               mf_w.l(dadd.o)
    0x08003484   0x08003484   0x000000e4   Code   RO          896    .text               mf_w.l(dmul.o)
    0x08003568   0x08003568   0x000000de   Code   RO          898    .text               mf_w.l(ddiv.o)
    0x08003646   0x08003646   0x00000030   Code   RO          900    .text               mf_w.l(dfixul.o)
    0x08003676   0x08003676   0x00000002   PAD
    0x08003678   0x08003678   0x00000030   Code   RO          902    .text               mf_w.l(cdrcmple.o)
    0x080036a8   0x080036a8   0x00000024   Code   RO          904    .text               mc_w.l(init.o)
    0x080036cc   0x080036cc   0x0000001e   Code   RO          906    .text               mc_w.l(llshl.o)
    0x080036ea   0x080036ea   0x00000020   Code   RO          908    .text               mc_w.l(llushr.o)
    0x0800370a   0x0800370a   0x00000024   Code   RO          910    .text               mc_w.l(llsshr.o)
    0x0800372e   0x0800372e   0x000000ba   Code   RO          912    .text               mf_w.l(depilogue.o)
    0x080037e8   0x080037e8   0x00000020   Code   RO          846    i.__0printf         mc_w.l(printfa.o)
    0x08003808   0x08003808   0x00000024   Code   RO          852    i.__0vsprintf       mc_w.l(printfa.o)
    0x0800382c   0x0800382c   0x0000000e   Code   RO          916    i.__scatterload_copy  mc_w.l(handlers.o)
    0x0800383a   0x0800383a   0x00000002   Code   RO          917    i.__scatterload_null  mc_w.l(handlers.o)
    0x0800383c   0x0800383c   0x0000000e   Code   RO          918    i.__scatterload_zeroinit  mc_w.l(handlers.o)
    0x0800384a   0x0800384a   0x00000002   PAD
    0x0800384c   0x0800384c   0x00000184   Code   RO          853    i._fp_digits        mc_w.l(printfa.o)
    0x080039d0   0x080039d0   0x000006dc   Code   RO          854    i._printf_core      mc_w.l(printfa.o)
    0x080040ac   0x080040ac   0x00000024   Code   RO          855    i._printf_post_padding  mc_w.l(printfa.o)
    0x080040d0   0x080040d0   0x0000002e   Code   RO          856    i._printf_pre_padding  mc_w.l(printfa.o)
    0x080040fe   0x080040fe   0x0000000a   Code   RO          858    i._sputc            mc_w.l(printfa.o)
    0x08004108   0x08004108   0x00000005   Data   RO           11    .constdata          main.o
    0x0800410d   0x0800410d   0x00000019   Data   RO          222    .constdata          flash_sect.o
    0x08004126   0x08004126   0x00000002   PAD
    0x08004128   0x08004128   0x00000041   Data   RO          223    .conststring        flash_sect.o
    0x08004169   0x08004169   0x00000003   PAD
    0x0800416c   0x0800416c   0x00000020   Data   RO          914    Region$$Table       anon$$obj.o


    Execution Region RW_IRAM1 (Exec base: 0x20000000, Load base: 0x0800418c, Size: 0x00000830, Max: 0x00010000, ABSOLUTE)

    Exec Addr    Load Addr    Size         Type   Attr      Idx    E Section Name        Object

    0x20000000   0x0800418c   0x00000009   Data   RW          118    .data               usart1.o
    0x20000009   0x08004195   0x00000007   PAD
    0x20000010   0x0800419c   0x00000010   Data   RW          157    .data               timer.o
    0x20000020   0x080041ac   0x00000007   Data   RW          171    .data               lcd.o
    0x20000027   0x080041b3   0x00000001   PAD
    0x20000028   0x080041b4   0x00000004   Data   RW          208    .data               delay.o
    0x2000002c   0x080041b8   0x00000002   Data   RW          237    .data               global.o
    0x2000002e   0x080041ba   0x00000014   Data   RW          255    .data               stm32f10x_rcc.o
    0x20000042   0x080041ce   0x00000002   PAD
    0x20000044   0x080041d0   0x00000014   Data   RW          585    .data               system_stm32f10x.o
    0x20000058   0x080041e4   0x00000004   Data   RW          888    .data               mc_w.l(stdout.o)
    0x2000005c        -       0x000000fa   Zero   RW          170    .bss                lcd.o
    0x20000156        -       0x00000294   Zero   RW          185    .bss                usart3.o
    0x200003ea        -       0x00000042   Zero   RW          236    .bss                global.o
    0x2000042c   0x080041e8   0x00000004   PAD
    0x20000430        -       0x00000400   Zero   RW            1    STACK               startup_stm32f10x_hd.o


==============================================================================

Image component sizes


      Code (inc. data)   RO Data    RW Data    ZI Data      Debug   Object Name

       172          8          0          4          0        987   delay.o
      1364        508         90          0          0       3268   flash_sect.o
         0          0          0          2         66       1952   global.o
       740         38          0          7        250       2521   lcd.o
        60          6          0          0          0        435   led.o
       196         76          5          0          0     265941   main.o
       220         22          0          0          0       1705   misc.o
      1152         18          0          0          0       4952   spi_flash.o
        36          8        304          0       1024        820   startup_stm32f10x_hd.o
       860         38          0          0          0       5641   stm32f10x_gpio.o
        26          0          0          0          0       1166   stm32f10x_it.o
       932         36          0         20          0       8784   stm32f10x_rcc.o
       780         14          0          0          0       6518   stm32f10x_spi.o
      3610         88          0          0          0      22748   stm32f10x_tim.o
      1032         22          0          0          0       8360   stm32f10x_usart.o
       480         38          0         20          0       1719   system_stm32f10x.o
       216         18          0         16          0        798   timer.o
       400         22          0          9          0       2484   usart1.o
       288         12          0          0        660       2356   usart3.o

    ----------------------------------------------------------------------
     12568        972        436         88       2004     343155   Object Totals
         0          0         32          0          0          0   (incl. Generated)
         4          0          5         10          4          0   (incl. Padding)

    ----------------------------------------------------------------------

      Code (inc. data)   RO Data    RW Data    ZI Data      Debug   Library Member Name

         0          0          0          0          0          0   entry.o
         0          0          0          0          0          0   entry10a.o
         0          0          0          0          0          0   entry11a.o
         8          4          0          0          0          0   entry2.o
         4          0          0          0          0          0   entry5.o
         0          0          0          0          0          0   entry7b.o
         0          0          0          0          0          0   entry8b.o
         8          4          0          0          0          0   entry9a.o
        30          0          0          0          0          0   handlers.o
        36          8          0          0          0         68   init.o
         0          0          0          0          0          0   iusefp.o
        30          0          0          0          0         68   llshl.o
        36          0          0          0          0         68   llsshr.o
        32          0          0          0          0         68   llushr.o
        26          0          0          0          0         80   memcmp.o
        36          0          0          0          0         68   memcpya.o
      2304         96          0          0          0        600   printfa.o
         0          0          0          4          0          0   stdout.o
        14          0          0          0          0         68   strlen.o
        44          0          0          0          0         80   uidiv.o
        98          0          0          0          0         92   uldiv.o
        48          0          0          0          0         68   cdrcmple.o
       334          0          0          0          0        148   dadd.o
       222          0          0          0          0        100   ddiv.o
       186          0          0          0          0        176   depilogue.o
        48          0          0          0          0         68   dfixul.o
       228          0          0          0          0         96   dmul.o

    ----------------------------------------------------------------------
      3776        112          0          4          0       1916   Library Totals
         4          0          0          0          0          0   (incl. Padding)

    ----------------------------------------------------------------------

      Code (inc. data)   RO Data    RW Data    ZI Data      Debug   Library Name

      2706        112          0          4          0       1260   mc_w.l
      1066          0          0          0          0        656   mf_w.l

    ----------------------------------------------------------------------
      3776        112          0          4          0       1916   Library Totals

    ----------------------------------------------------------------------

==============================================================================


      Code (inc. data)   RO Data    RW Data    ZI Data      Debug   

     16344       1084        436         92       2004     342831   Grand Totals
     16344       1084        436         92       2004     342831   ELF Image Totals
     16344       1084        436         92          0          0   ROM Totals

==============================================================================

    Total RO  Size (Code + RO Data)                16780 (  16.39kB)
    Total RW  Size (RW Data + ZI Data)              2096 (   2.05kB)
    Total ROM Size (Code + RO Data + RW Data)      16872 (  16.48kB)

==============================================================================

