C51 COMPILER V9.60.0.0   MAIN                                                              08/14/2020 11:49:22 PAGE 1   


C51 COMPILER V9.60.0.0, COMPILATION OF MODULE MAIN
OBJECT MODULE PLACED IN main.OBJ
COMPILER INVOKED BY: D:\Keil_v5\C51\BIN\C51.EXE main.c OPTIMIZE(8,SPEED) BROWSE INCDIR(.\SRC) DEBUG OBJECTEXTEND TABS(2)

line level    source

   1          //////////////////////////////////////////////////////////////////////////////////   
   2          //本程序只供学习使用，未经作者许可，不得用于其它任何用途
   3          //中景园电子
   4          //店铺地址：http://shop73023976.taobao.com/?spm=2013.1.0.0.M4PqC2
   5          //
   6          //  文 件 名   : main.c
   7          //  版 本 号   : v2.0
   8          //  作    者   : HuangKai
   9          //  生成日期   : 2018-0101
  10          //  最近修改   : 
  11          //  功能描述   : OLED 4接口演示例程(51系列)
  12          //              说明: 
  13          //              ----------------------------------------------------------------
  14          //              GND    电源地
  15          //              VCC  接5V或3.3v电源
  16          //              D0   P1^4（SCL）
  17          //              D1   P1^3（SDA）
  18          //              RES  接P12
  19          //              DC   接P11
  20          //              CS   接P10               
  21          //              ----------------------------------------------------------------
  22          // 修改历史   :
  23          // 日    期   : 
  24          // 作    者   : HuangKai
  25          // 修改内容   : 创建文件
  26          //版权所有，盗版必究。
  27          //Copyright(C) 中景园电子2018/3/16
  28          //All rights reserved
  29          //******************************************************************************/
  30          //******************************************************************************/
  31          #include "REG51.h"
  32          #include "oled.h"
  33          #include "bmp.h"
  34          
  35          
  36          
  37          void Delay1ms()   //@24.000MHz
  38          {
  39   1        unsigned char i, j;
  40   1      
  41   1        i = 24;
  42   1        j = 85;
  43   1        do
  44   1        {
  45   2          while (--j);
  46   2        } while (--i);
  47   1      }
  48          void DelayNms(unsigned int N){
  49   1        
  50   1        while(N--){
  51   2          Delay1ms();
  52   2        }
  53   1      }
  54          
  55          //extern void LED_BLINK(void);
C51 COMPILER V9.60.0.0   MAIN                                                              08/14/2020 11:49:22 PAGE 2   

  56           int main(void)
  57           {  u8 t;
  58   1        OLED_Init();      //初始化OLED  
  59   1        oled_show_two();  //显示
  60   1        Timer0_init();
*** WARNING C206 IN LINE 60 OF main.c: 'Timer0_init': missing function-prototype
  61   1        
  62   1        GPIO_config();
  63   1        UartInit();     //调试串口具有最高优先级
  64   1        EA = 1;         //打开总中断
  65   1        while(1) 
  66   1        {     
  67   2          SendString("running...\r\n");
  68   2          DelayNms(500);
  69   2        }   
  70   1        
  71   1      }
*** WARNING C280 IN LINE 57 OF main.c: 't': unreferenced local variable
  72          
  73          


MODULE INFORMATION:   STATIC OVERLAYABLE
   CODE SIZE        =     64    ----
   CONSTANT SIZE    =   2061    ----
   XDATA SIZE       =   ----    ----
   PDATA SIZE       =   ----    ----
   DATA SIZE        =   ----       1
   IDATA SIZE       =   ----    ----
   BIT SIZE         =   ----    ----
END OF MODULE INFORMATION.


C51 COMPILATION COMPLETE.  2 WARNING(S),  0 ERROR(S)
